  detected machine 1 = Matrix-PC (DECLARED speed 0.4), 4 worker(s)
  weights from machines.json (sha f012339910f8f0ac): 4 participants
machine 1/4  rows 55 (0 done, 55 to run)  workers 4
  provenance {"git_sha": "858bbb74a91b6362d3ddf81dbb6600e71c3e5e39", "machine_id": "MATRIX-PC2", "solver_sha256": "6d878b0180b264d2", "workbook_sha256": "9253e7a0370af966", "design_sha256": "3461603bdf7818e3", "run_cfg_sha": "482d59556632dff8", "timeout_s": 3600.0, "stop_after_s": 0.0, "workers": 4, "weights_sha": "f012339910f8f0ac", "weights_map_sha": "87969710596d7511", "of": 4, "equations": "bin_moment", "python": "3.13.12"}
  row     27   N2 AB  ok   d100=  2.76 N100=1.825e+20 pile=3.8634216177509735e-13 dFP= 1.1e-02 3610s
  row      8   N2 AB  ok   d100=  7.53 N100=7.304e+19 pile=1.2771799301251846e-13 dFP= 3.0e-06 3613s
  row     46   N2 AB  ok   d100=  3.66 N100=2.082e+20 pile=1.9240583025511102e-13 dFP= 2.4e-02 3662s
  row     64   N2  B  ok   d100=  8.59 N100=1.643e+19 pile=4.372307892129665e-13 dFP= 4.1e-04 3662s
  row     82   N2 AB  ok   d100=  5.95 N100=8.792e+20 pile=1.717607714374605e-14 dFP= 6.8e-06 3661s
  row    100   N2 AB  ok   d100=  8.95 N100=4.323e+20 pile=1.5189999312050923e-14 dFP= 8.0e-05 3661s
  row    119   N2 AB  ok   d100=  3.27 N100=2.480e+21 pile=2.0265292026232052e-14 dFP= 1.6e-03 3661s
  row    138   N2 AB  ok   d100=  7.73 N100=3.886e+18 pile=2.315734647730554e-12 dFP= 8.0e-04 3661s
  row    155   N2 AB  ok   d100=  4.18 N100=1.591e+21 pile=1.9336283079074792e-14 dFP= 2.2e-06 3661s
  row    174   N2 AB  ok   d100=  4.07 N100=7.775e+20 pile=4.166244634597693e-14 dFP= 1.5e-04 3661s
  row    211   N2  B  ok   d100=  2.90 N100=8.660e+21 pile=7.355613686619866e-15 dFP= 2.7e-02 3634s
  row    193   N2 AB  ok   d100=  4.15 N100=1.564e+22 pile=1.9968151252896556e-15 dFP= 1.7e-05 3661s
  row    229   N2 AB  ok   d100=  9.63 N100=1.298e+17 pile=4.4012356104095124e-11 dFP= 8.4e-03 3661s
  row    247   N2 AB  ok   d100=  3.29 N100=4.008e+21 pile=1.2426087717105244e-14 dFP= 4.6e-05 3661s
  row    266   N2 AB  ok   d100=  8.44 N100=9.589e+18 pile=7.764033154994666e-13 dFP= 3.1e-05 3661s
  row    285   N2 AB  ok   d100=  4.12 N100=2.655e+21 pile=1.1921538436005166e-14 dFP= 2.7e-02 3661s
  row    302   N2 AB  ok   d100=  4.52 N100=1.646e+21 pile=1.5951411694617137e-14 dFP= 5.4e-04 3661s
  row    321   N2 AB  ok   d100=  3.28 N100=3.099e+20 pile=1.6129299720743603e-13 dFP= 1.2e-06 3661s
  row    340   N5 AB  ok   d100=  5.89 N100=2.495e+19 pile=6.170703212468884e-13 dFP= 3.6e-05 3661s
  row    358   N5  B  ok   d100=  1.56 N100=1.732e+22 pile=1.278441885778904e-14 dFP= 3.8e-03 3661s
  row    376   N5 AB  ok   d100=  2.28 N100=3.625e+19 pile=2.85471244783838e-12 dFP= 2.3e-02 3661s
  row    394   N5 AB  ok   d100=  2.91 N100=2.303e+20 pile=2.763661648830431e-13 dFP= 3.1e-02 3661s
  row    413   N5 AB  ok   d100=  4.22 N100=3.959e+20 pile=7.619526990493273e-14 dFP= 8.9e-05 3661s
  row    432   N5 AB  ok   d100=  8.57 N100=3.053e+20 pile=2.3669450883532762e-14 dFP= 1.0e-03 3661s
  row    449   N5 AB  ok   d100= 12.35 N100=5.511e+19 pile=1.943645396768942e-08 dFP= 1.1e-03 3661s
  row    468   N5 AB  ok   d100=  5.58 N100=6.864e+17 pile=2.5084282010505083e-11 dFP= 2.1e-03 3661s
  row    487   N5 AB  ok   d100=  2.60 N100=1.272e+22 pile=6.240844402759096e-15 dFP= 1.3e-04 3661s
  row    505   N5  B  ok   d100=  2.70 N100=1.854e+22 pile=3.976834898079471e-15 dFP= 1.1e-05 3661s
  row    523   N5 AB  ok   d100=  3.60 N100=2.113e+20 pile=1.9695949023372778e-13 dFP= 2.1e-03 3661s
  row    541   N5 AB  ok   d100=  3.39 N100=6.600e+22 pile=7.105974155196659e-16 dFP= 1.2e-04 3661s
  row    560   N5 AB  ok   d100=  6.36 N100=1.987e+16 pile=6.691064020867396e-10 dFP= 1.4e-02 3661s
  row    579   N5 AB  ok   d100=  2.53 N100=7.234e+21 pile=1.1618578102915553e-14 dFP= 3.0e-04 3661s
  row    596   N5 AB  ok   d100=  2.37 N100=1.242e+22 pile=7.745663071731802e-15 dFP= 3.3e-03 3606s
  row    615   N5 AB  ok   d100=  3.02 N100=1.505e+20 pile=3.9112260561583337e-13 dFP= 4.6e-02 3661s
  row    634   N5 AB  ok   d100=  4.12 N100=1.316e+21 pile=2.4063231367201488e-14 dFP= 3.1e-03 3661s
  row    652   N5  B  ok   d100=  3.25 N100=1.923e+21 pile=2.6515709591938756e-14 dFP= 4.3e-03 3661s
  row    670   N5 AB  ok   d100=  2.54 N100=7.838e+19 pile=1.061217673161266e-12 dFP= 1.1e-05 3661s
  row    688   I1 AB  ok   d100=  8.47 N100=1.814e+20 pile=4.093715450510448e-14 dFP= 8.5e-06 3621s
  row    707   I1 AB  ok   d100=  3.03 N100=6.962e+20 pile=8.439206218406037e-14 dFP= 2.7e-02 3661s
  row    726   I1 AB  ok   d100=  4.02 N100=1.177e+21 pile=2.8208482899751953e-14 dFP= 1.0e-02 3661s
  row    743   I1 AB  ok   d100= 11.35 N100=1.431e+20 pile=2.8118867180419737e-14 dFP= 5.9e-05 3661s
  row    762   I1 AB  ok   d100=  8.40 N100=1.091e+22 pile=6.962225664152737e-16 dFP= 3.0e-04 3661s
  row    781   I1 AB  ok   d100=  2.63 N100=7.368e+21 pile=1.0548627353981672e-14 dFP= 2.4e-03 3661s
  row    799   I1  B  ok   d100=  3.30 N100=2.014e+21 pile=2.4468172956543568e-14 dFP= 4.5e-04 3661s
  row    817   I1 AB  ok   d100=  6.56 N100=6.840e+19 pile=1.798303412911843e-13 dFP= 2.1e-03 3661s
  row    835   I1 AB  ok   d100=  3.26 N100=9.040e+22 pile=5.594010270161728e-16 dFP= 4.2e-05 3661s
  row    873   I1 AB  ok   d100=  3.84 N100=6.653e+22 pile=5.481216886060113e-16 dFP= 5.4e-05 3626s
  row    854   I1 AB  ok   d100=  4.42 N100=5.284e+21 pile=5.2009272926335194e-15 dFP= 4.5e-04 3661s
  row    890   I1 AB  ok   d100=  2.44 N100=6.220e+22 pile=1.4479967283105633e-15 dFP= 1.2e-01 3661s
  row    909   I1 AB  ok   d100=  3.60 N100=9.599e+22 pile=4.332401606008359e-16 dFP= 1.2e-04 3661s
  row    928   I1 AB  ok   d100=  8.36 N100=8.863e+19 pile=8.555096475204898e-14 dFP= 7.9e-05 3661s
  row    946   I1  B  ok   d100=  7.78 N100=4.325e+19 pile=2.0424640783804635e-13 dFP= 3.0e-03 3661s
