machine 1/4  rows 276 (0 done, 276 to run)  workers 14
  provenance {"git_sha": "a9e512b9b8eb530bd24c2389f7331dbb0abc2b28", "machine_id": "Mac.san.rr.com", "solver_sha256": "unavailable", "workbook_sha256": "9253e7a0370af966", "design_sha256": "9f212a959e477e86", "run_cfg_sha": "1feb7079ec957978", "equations": "discrete", "python": "3.11.7"}
  row     29   N2 AB INADM d100=  8.12 N100=1.574e+22 pile=1.0616207479467993e-05 dFP= 1.6e-03 407s
  row     33   N2 AB INADM d100=  8.90 N100=2.825e+22 pile=0.10488930595593982 dFP= 3.7e-03 689s
  row     25   N2 AB INADM d100=  7.94 N100=2.525e+22 pile=0.013458261942828908 dFP= 6.3e-03 740s
  row     41   N2 AB INADM d100=  8.54 N100=2.501e+22 pile=0.050033651414582624 dFP= 4.6e-03 830s
  row     69   N2  A  ok   d100=  3.02 N100=1.119e+22 pile=1.56219488856399e-09 dFP= 6.0e-07 22s
  row     73   N2 AB  ok   d100=  2.93 N100=1.667e+22 pile=1.1400837374143869e-10 dFP= 8.4e-07 22s
  row     77   N2 AB  ok   d100=  3.02 N100=1.116e+22 pile=4.815258569818164e-10 dFP= 6.0e-07 21s
  row     81   N2 AB  ok   d100=  3.02 N100=1.119e+22 pile=1.56219488856399e-09 dFP= 6.0e-07 22s
  row     85   N2 AB  ok   d100=  3.02 N100=1.119e+22 pile=6.475989728118229e-10 dFP= 6.0e-07 20s
  row     89   N2 AB  ok   d100=  3.01 N100=6.794e+21 pile=1.6871958957230542e-09 dFP= 6.0e-07 21s
  row     45   N2 AB INADM d100=  2.79 N100=3.148e+22 pile=1.2917308214515458e-11 dFP= 5.5e-03 1084s
  row     37   N2 AB INADM d100=  8.25 N100=2.647e+22 pile=0.02582979937501275 dFP= 2.6e-03 1114s
  row     93   N2  B INADM d100=  3.45 N100=3.467e+21 pile=0.0 dFP= 1.1e-01 352s
  row     53   N2 AB INADM d100= 11.87 N100=1.438e+21 pile=0.884183845457506 dFP= 4.7e-02 1365s
  row     97   N2 AB INADM d100= 12.94 N100=2.049e+20 pile=0.9996631704464936 dFP= 5.8e-01 285s
  row    101   N2 AB INADM d100= 12.94 N100=2.345e+20 pile=0.9997140177937264 dFP= 5.5e-01 302s
  row    117   N2 AB INADM d100=  9.93 N100=1.104e+23 pile=0.5737005112110489 dFP= 5.1e-01 129s
  row    105   N2 AB INADM d100= 12.94 N100=2.047e+20 pile=0.9996250496289562 dFP= 6.2e-01 256s
  row    109   N2 AB INADM d100= 12.94 N100=2.025e+20 pile=0.9996534875931739 dFP= 5.6e-01 255s
  row    113   N2 AB INADM d100= 12.94 N100=4.086e+20 pile=0.999826755250352 dFP= 5.7e-01 285s
  row     57   N2 AB INADM d100= 11.93 N100=1.414e+21 pile=0.8932399042120153 dFP= 5.0e-02 1274s
  row    121   N2 AB INADM d100= 10.68 N100=1.121e+23 pile=0.688726883770306 dFP= 4.9e-01 145s
  row    125   N2 AB INADM d100=  9.80 N100=1.163e+23 pile=0.5422228608603643 dFP= 5.2e-01 140s
  row    129   N2 AB INADM d100=  9.52 N100=3.368e+23 pile=0.5085328292612626 dFP= 6.0e-01 130s
  row      1   N2  B INADM d100= 12.95 N100=7.095e+18 pile=0.9998044223479163 dFP= 2.7e-02 1750s
  row    133   N2 AB INADM d100= 10.05 N100=1.163e+23 pile=0.5921525547329513 dFP= 5.1e-01 141s
  row     61   N2 AB INADM d100= 11.87 N100=1.427e+21 pile=0.8845521116337665 dFP= 4.7e-02 1109s
  row    137   N2 AB INADM d100= 10.12 N100=1.161e+23 pile=0.6042225498366747 dFP= 5.2e-01 138s
  row     13   N2 AB INADM d100= 12.89 N100=3.252e+20 pile=0.9948810905462554 dFP= 1.1e-01 1845s
  row     17   N2 AB INADM d100= 12.89 N100=3.392e+20 pile=0.995023431535712 dFP= 1.2e-01 1851s
  row     21   N2 AB INADM d100= 12.89 N100=3.217e+20 pile=0.9948712124637045 dFP= 1.1e-01 1851s
  row      5   N2 AB INADM d100= 12.89 N100=2.964e+20 pile=0.9949189564550047 dFP= 1.1e-01 1868s
  row     65   N2 AB INADM d100= 12.89 N100=2.916e+18 pile=0.9952660310706283 dFP= 4.5e-02 1193s
  row    185   N2  B INADM d100=  8.92 N100=1.956e+21 pile=0.27680944248924116 dFP= 2.2e-01 124s
  row     49   N2 AB INADM d100= 12.58 N100=1.143e+21 pile=0.9665391641642364 dFP= 3.7e-02 2084s
  row    193   N2 AB INADM d100=  0.83 N100=3.749e+21 pile=0.0 dFP= 4.1e-02 30s
  row    161   N2  A INADM d100= 12.44 N100=6.222e+21 pile=0.9466691859148477 dFP= 5.0e-01 528s
  row    177   N2 AB INADM d100= 12.44 N100=6.222e+21 pile=0.9466691881900415 dFP= 5.0e-01 515s
  row    173   N2 AB INADM d100= 12.44 N100=6.222e+21 pile=0.9466691859148477 dFP= 5.0e-01 528s
  row    181   N2 AB INADM d100= 12.28 N100=4.800e+21 pile=0.9293418646424801 dFP= 5.1e-01 537s
  row    209   N2 AB INADM d100= 10.81 N100=3.998e+22 pile=0.775102817127581 dFP= 4.8e-01 112s
  row    189   N2 AB INADM d100= 12.94 N100=3.967e+19 pile=0.9997894761880272 dFP= 3.0e-01 473s
  row    213   N2 AB INADM d100= 10.71 N100=3.911e+22 pile=0.765094252954541 dFP= 5.0e-01 126s
  row    165   N2 AB INADM d100= 12.31 N100=5.988e+21 pile=0.9172542342500264 dFP= 2.7e-01 761s
  row    217   N2 AB INADM d100= 10.53 N100=4.021e+22 pile=0.7476391502002843 dFP= 5.4e-01 112s
  row    197   N2 AB INADM d100= 12.94 N100=4.120e+19 pile=0.9998208219249386 dFP= 3.0e-01 492s
  row    225   N2 AB INADM d100= 10.65 N100=3.804e+22 pile=0.7549369250672812 dFP= 5.0e-01 123s
  row    221   N2 AB INADM d100= 10.95 N100=3.042e+22 pile=0.7928926966616603 dFP= 4.9e-01 129s
  row    229   N2 AB INADM d100=  9.56 N100=3.436e+22 pile=0.6156194433999648 dFP= 4.9e-01 109s
  row    201   N2 AB INADM d100= 12.94 N100=4.076e+19 pile=0.9998170305217061 dFP= 3.2e-01 487s
  row      9   N2 AB INADM d100= 12.90 N100=4.366e+20 pile=0.9958516066867141 dFP= 9.3e-02 2824s
  row    205   N2 AB INADM d100= 12.94 N100=1.274e+20 pile=0.9999411699086211 dFP= 3.0e-01 482s
  row    169   N2 AB INADM d100= 12.91 N100=7.774e+20 pile=0.9959349909297783 dFP= 2.9e-01 1241s
  row    253   N2  A INADM d100= 11.78 N100=8.981e+21 pile=0.8497031106982509 dFP= 4.4e-01 299s
  row    257   N2 AB INADM d100= 11.83 N100=8.820e+21 pile=0.8544885739506222 dFP= 5.5e-01 309s
  row    237   N2 AB INADM d100= 12.77 N100=3.211e+17 pile=0.9848717202535461 dFP= 1.7e-03 545s
  row    241   N2 AB INADM d100= 12.75 N100=2.805e+17 pile=0.9828779702141056 dFP= 1.9e-03 533s
  row    145   N2 AB INADM d100= 12.90 N100=9.758e+18 pile=0.9958391642197885 dFP= 1.1e-02 1489s
  row    141   N2 AB INADM d100= 12.91 N100=1.969e+18 pile=0.9962217896259231 dFP= 2.8e-03 1519s
  row    245   N2 AB INADM d100= 12.77 N100=3.287e+17 pile=0.9846592780366528 dFP= 1.7e-03 558s
  row    233   N2 AB INADM d100= 12.76 N100=1.365e+17 pile=0.984104460120588 dFP= 7.2e-04 617s
  row    277   N2  B INADM d100=  8.50 N100=3.974e+21 pile=4.3560425895724305e-06 dFP= 4.9e-05 77s
  row    249   N2 AB INADM d100= 12.92 N100=5.067e+16 pile=0.9979674671140489 dFP= 1.7e-03 554s
  row    153   N2 AB INADM d100= 12.90 N100=9.760e+18 pile=0.9958392554608362 dFP= 1.1e-02 1510s
  row    157   N2 AB INADM d100= 12.90 N100=9.539e+18 pile=0.9958469789279145 dFP= 1.1e-02 1469s
  row    265   N2 AB INADM d100= 11.78 N100=8.981e+21 pile=0.8497031106982509 dFP= 4.4e-01 299s
  row    269   N2 AB INADM d100= 11.78 N100=8.981e+21 pile=0.8497031034946011 dFP= 4.4e-01 309s
  row    301   N2 AB INADM d100= 11.69 N100=2.334e+21 pile=0.16805815249437514 dFP= 2.6e-05 204s
  row    273   N2 AB INADM d100= 11.69 N100=8.387e+21 pile=0.8363020288424406 dFP= 4.4e-01 305s
  row    309   N2 AB INADM d100= 10.32 N100=2.355e+21 pile=0.0074559461489347644 dFP= 3.3e-06 194s
  row    313   N2 AB INADM d100= 11.25 N100=2.104e+21 pile=0.07770440617007665 dFP= 1.8e-05 218s
  row    317   N2 AB INADM d100= 11.30 N100=2.042e+21 pile=0.08491671422320698 dFP= 1.8e-05 213s
  row    305   N2 AB INADM d100= 12.52 N100=4.992e+21 pile=0.9340595057646551 dFP= 5.2e-01 378s
  row    321   N2 AB INADM d100= 10.26 N100=2.107e+21 pile=0.00684813088108347 dFP= 4.2e-06 206s
  row    325   N2 AB INADM d100= 11.91 N100=4.512e+21 pile=0.8930086621873723 dFP= 1.1e-01 268s
  row    345   N2  A INADM d100=  7.78 N100=2.817e+22 pile=0.21584972158805593 dFP= 2.6e-01 84s
  row    149   N2 AB INADM d100= 12.91 N100=3.587e+19 pile=0.9967171264937578 dFP= 2.8e-02 1966s
  row    349   N2 AB INADM d100=  7.76 N100=2.844e+22 pile=0.21117969788563215 dFP= 2.6e-01 92s
  row    353   N2 AB INADM d100=  8.07 N100=3.768e+22 pile=0.19986113235273423 dFP= 2.5e-01 91s
  row    357   N2 AB INADM d100=  7.78 N100=2.817e+22 pile=0.21584972158805593 dFP= 2.6e-01 84s
  row    361   N2 AB INADM d100=  7.78 N100=2.817e+22 pile=0.21584985770177706 dFP= 2.6e-01 89s
  row    365   N2 AB INADM d100=  7.78 N100=2.887e+22 pile=0.21610434802648412 dFP= 2.6e-01 86s
  row    329   N2 AB INADM d100=  9.55 N100=9.269e+21 pile=0.2795323040868097 dFP= 1.6e-01 404s
  row    337   N2 AB INADM d100=  8.71 N100=1.376e+22 pile=0.09080348605533288 dFP= 1.5e-01 423s
  row    341   N2 AB INADM d100= 12.89 N100=6.986e+19 pile=0.9948442338517232 dFP= 1.9e-01 382s
  row    285   N2 AB INADM d100= 12.87 N100=4.990e+19 pile=0.9933829544030753 dFP= 9.4e-02 815s
  row    333   N2 AB INADM d100=  9.60 N100=1.098e+22 pile=0.24046180418345145 dFP= 9.5e-02 689s
  row    397   N5 AB INADM d100= 11.60 N100=6.898e+22 pile=0.8474118384296083 dFP= 1.2e-01 1218s
  row    393   N5 AB INADM d100= 11.55 N100=5.804e+22 pile=0.8589729273199367 dFP= 4.4e-02 1890s
  row    401   N5 AB INADM d100= 11.86 N100=6.541e+22 pile=0.8327972662806965 dFP= 4.1e-02 1823s
  row    281   N2 AB INADM d100= 12.91 N100=8.098e+19 pile=0.9964939741702501 dFP= 3.7e-02 2998s
  row    293   N2 AB INADM d100= 12.91 N100=5.823e+19 pile=0.9966083850776558 dFP= 1.3e-02 3260s
  row    261   N2 AB INADM d100= 12.89 N100=8.827e+18 pile=0.9943696681509332 dFP= 6.8e-03 3702s
  row    297   N2 AB INADM d100= 12.91 N100=7.267e+19 pile=0.996899680406947 dFP= 3.3e-02 3562s
  row    289   N2 AB INADM d100= 12.91 N100=7.793e+19 pile=0.997074372126278 dFP= 4.7e-02 3830s
  row    405   N5 AB INADM d100= 11.72 N100=6.195e+22 pile=0.8455737900902903 dFP= 4.1e-02 1969s
  row    437   N5  A INADM d100=  3.35 N100=2.643e+22 pile=1.1547048112502524e-05 dFP= 6.8e-05 30s
  row    441   N5 AB INADM d100=  3.22 N100=3.758e+22 pile=3.926843814937184e-11 dFP= 8.7e-05 41s
  row    445   N5 AB INADM d100=  3.34 N100=2.646e+22 pile=0.0001842094998510543 dFP= 6.8e-05 28s
  row    449   N5 AB INADM d100=  3.35 N100=2.643e+22 pile=1.1547048112502524e-05 dFP= 6.8e-05 30s
  row    453   N5 AB INADM d100=  3.35 N100=2.643e+22 pile=1.1546847086961238e-05 dFP= 6.8e-05 28s
  row    457   N5 AB INADM d100=  3.31 N100=1.793e+22 pile=1.1539089113821314e-05 dFP= 6.8e-05 32s
  row    373   N5 AB INADM d100= 12.92 N100=3.861e+21 pile=0.9971687080085381 dFP= 1.6e-01 3750s
  row    381   N5 AB INADM d100= 12.92 N100=4.319e+21 pile=0.9971826396266995 dFP= 1.6e-01 3770s
  row    389   N5 AB INADM d100= 12.92 N100=4.285e+21 pile=0.9971435482627433 dFP= 1.6e-01 3690s
  row    385   N5 AB INADM d100= 12.92 N100=4.397e+21 pile=0.9971716551173501 dFP= 1.7e-01 3767s
  row    409   N5 AB INADM d100= 11.89 N100=5.971e+22 pile=0.8446725316162648 dFP= 4.3e-02 1974s
  row    413   N5 AB INADM d100=  4.64 N100=6.761e+22 pile=2.9954781624158406e-13 dFP= 1.0e-01 2017s
  row    465   N5 AB INADM d100= 12.90 N100=1.342e+20 pile=0.9962929753549417 dFP= 1.5e-01 645s
  row    473   N5 AB INADM d100= 12.89 N100=1.219e+20 pile=0.9953282645970948 dFP= 1.5e-01 619s
  row    369   N5  B INADM d100= 12.94 N100=1.301e+19 pile=0.9990860036027543 dFP= 1.3e-02 4539s
  row    477   N5 AB INADM d100= 12.90 N100=1.285e+20 pile=0.9956103869784172 dFP= 1.4e-01 726s
  row    469   N5 AB INADM d100= 12.90 N100=1.501e+20 pile=0.9962227350543246 dFP= 1.4e-01 801s
  row    481   N5 AB INADM d100= 12.92 N100=2.627e+20 pile=0.9978407013729426 dFP= 1.5e-01 646s
  row    497   N5 AB INADM d100= 11.36 N100=3.637e+23 pile=0.8209220405609174 dFP= 2.2e-02 218s
  row    485   N5 AB INADM d100= 12.74 N100=1.803e+23 pile=0.9799881016299905 dFP= 6.8e-02 606s
  row    489   N5 AB INADM d100= 12.75 N100=1.897e+23 pile=0.9816298209637021 dFP= 7.8e-02 652s
  row    461   N5  B INADM d100=  1.72 N100=6.887e+20 pile=0.0 dFP= 1.1e-01 1452s
  row    493   N5 AB INADM d100= 12.75 N100=1.806e+23 pile=0.9809260794194278 dFP= 5.8e-02 681s
  row    501   N5 AB INADM d100= 12.75 N100=1.907e+23 pile=0.9813009247475056 dFP= 6.3e-02 648s
  row    505   N5 AB INADM d100= 12.75 N100=1.920e+23 pile=0.9815464332125855 dFP= 6.3e-02 643s
  row    377   N5 AB INADM d100= 12.92 N100=5.394e+21 pile=0.9974427260575431 dFP= 1.4e-01 5275s
  row    537   N5 AB INADM d100= 12.67 N100=9.469e+21 pile=0.966424255559375 dFP= 7.4e-02 3935s
  row    517   N5 AB INADM d100= 12.91 N100=1.386e+20 pile=0.9971277475480654 dFP= 3.9e-02 9072s
  row    513   N5 AB INADM d100= 12.92 N100=1.095e+20 pile=0.9973562759482141 dFP= 3.1e-02 13372s
  row    521   N5 AB INADM d100= 12.92 N100=1.096e+20 pile=0.9973559183766921 dFP= 3.1e-02 15285s
  row    525   N5 AB INADM d100= 12.92 N100=9.944e+19 pile=0.9973703059607202 dFP= 3.1e-02 17241s
  row    561   N5 AB INADM d100=  0.86 N100=2.530e+20 pile=0.0 dFP= 1.8e-01 74s
  row    533   N5 AB INADM d100=  9.98 N100=4.942e+22 pile=0.08344725852652496 dFP= 3.7e-02 18407s
  row    553   N5  B INADM d100= 10.05 N100=1.886e+21 pile=0.1705343285344237 dFP= 2.7e-01 6944s
  row    529   N5  A INADM d100=  8.84 N100=5.091e+22 pile=4.3552169744461175e-05 dFP= 4.2e-02 22469s
  row    509   N5 AB INADM d100= 12.93 N100=2.198e+19 pile=0.998115261746031 dFP= 6.1e-03 22922s
  row    541   N5 AB INADM d100=  8.84 N100=5.091e+22 pile=4.3552169744461175e-05 dFP= 4.2e-02 22466s
  row    577   N5 AB INADM d100=  8.42 N100=6.541e+23 pile=0.22143222186937223 dFP= 9.9e-02 183s
  row    581   N5 AB INADM d100=  8.02 N100=6.075e+23 pile=0.13993595430890224 dFP= 7.5e-02 184s
  row    585   N5 AB INADM d100=  6.84 N100=6.119e+23 pile=0.0002754695374287484 dFP= 5.9e-02 202s
  row    589   N5 AB INADM d100=  9.74 N100=4.013e+23 pile=0.4939004474474998 dFP= 6.9e-02 228s
  row    593   N5 AB INADM d100=  8.02 N100=6.056e+23 pile=0.149668569696715 dFP= 7.4e-02 189s
  row    597   N5 AB INADM d100=  5.71 N100=1.068e+24 pile=0.03380342907880307 dFP= 6.3e-02 187s
  row    569   N5 AB INADM d100=  2.07 N100=5.668e+18 pile=0.0 dFP= 1.8e-02 5005s
  row    565   N5 AB INADM d100=  2.02 N100=4.483e+18 pile=0.0 dFP= 8.3e-03 6274s
  row    557   N5 AB INADM d100=  2.01 N100=5.001e+18 pile=0.0 dFP= 5.7e-03 8451s
  row    601   N5 AB INADM d100= 12.85 N100=1.757e+18 pile=0.9916946133302623 dFP= 1.5e-04 1040s
  row    573   N5 AB INADM d100=  2.02 N100=1.344e+19 pile=0.0 dFP= 8.4e-03 4086s
  row    609   N5 AB INADM d100= 12.85 N100=5.472e+18 pile=0.9920778160716167 dFP= 4.3e-04 1020s
  row    605   N5 AB INADM d100= 12.87 N100=8.008e+18 pile=0.9931938111555162 dFP= 6.2e-04 1178s
  row    545   N5 AB INADM d100=  8.84 N100=5.091e+22 pile=4.353550482028995e-05 dFP= 4.2e-02 20056s
  row    549   N5 AB INADM d100=  8.89 N100=5.030e+22 pile=9.691376663802892e-05 dFP= 4.2e-02 15754s
  row    621   N5  A INADM d100= 12.58 N100=1.416e+23 pile=0.9639884464456677 dFP= 2.8e-01 888s
  row    425   N5 AB INADM d100=  1.04 N100=1.526e+20 pile=0.0 dFP= 7.2e-02 26967s
  row    613   N5 AB INADM d100= 12.87 N100=9.109e+18 pile=0.9931898957318878 dFP= 5.1e-04 1180s
  row    645   N5  B INADM d100= 11.34 N100=1.075e+22 pile=0.8016044278982701 dFP= 3.0e-01 165s
  row    617   N5 AB INADM d100= 12.87 N100=2.387e+17 pile=0.9933278760712904 dFP= 6.1e-04 1170s
  row    625   N5 AB INADM d100= 12.58 N100=1.394e+23 pile=0.9640416568179543 dFP= 2.7e-01 940s
  row    633   N5 AB INADM d100= 12.58 N100=1.416e+23 pile=0.9639884464456677 dFP= 2.8e-01 895s
  row    637   N5 AB INADM d100= 12.58 N100=1.416e+23 pile=0.9639884473809375 dFP= 2.8e-01 903s
  row    641   N5 AB INADM d100= 12.58 N100=1.408e+23 pile=0.9639002907776555 dFP= 2.8e-01 933s
  row    669   N5 AB INADM d100= 12.37 N100=1.798e+21 pile=0.9335877699778674 dFP= 4.3e-01 278s
  row    677   N5 AB INADM d100= 12.28 N100=1.822e+21 pile=0.9238797650750142 dFP= 8.7e-02 282s
  row    681   N5 AB INADM d100= 12.39 N100=1.570e+21 pile=0.9357308043681315 dFP= 2.2e-01 285s
  row    421   N5 AB INADM d100=  1.03 N100=1.512e+20 pile=0.0 dFP= 7.2e-02 27765s
  row    685   N5 AB INADM d100= 12.31 N100=1.599e+21 pile=0.9265210566400722 dFP= 3.6e-01 286s
  row    689   N5 AB INADM d100= 12.19 N100=1.641e+21 pile=0.9123158669020184 dFP= 2.1e-01 271s
  row    433   N5 AB INADM d100=  1.61 N100=1.407e+18 pile=0.0 dFP= 7.2e-02 27781s
  row    429   N5 AB INADM d100=  1.03 N100=1.487e+20 pile=0.0 dFP= 7.2e-02 28176s
  row    653   N5 AB INADM d100= 12.89 N100=3.831e+20 pile=0.9953177808378643 dFP= 1.0e-01 2000s
  row    673   N5 AB INADM d100= 12.59 N100=1.343e+22 pile=0.9574020199174832 dFP= 1.4e-03 4273s
  row    713   N5  A INADM d100= 10.85 N100=6.414e+22 pile=0.6811123854985223 dFP= 2.8e-03 3243s
  row    697   N5 AB INADM d100=  2.62 N100=2.777e+22 pile=0.0 dFP= 2.8e-02 3975s
  row    717   N5 AB INADM d100= 10.80 N100=6.426e+22 pile=0.6676014725864583 dFP= 2.8e-03 2760s
  row    721   N5 AB INADM d100= 10.58 N100=8.235e+22 pile=0.573138055570374 dFP= 1.0e-02 1786s
  row    729   N5 AB INADM d100= 10.85 N100=6.414e+22 pile=0.6811123165144948 dFP= 2.8e-03 2925s
  row    693   N5 AB INADM d100= 11.98 N100=1.410e+22 pile=0.8866378164726462 dFP= 1.0e-02 6917s
  row    725   N5 AB INADM d100= 10.85 N100=6.414e+22 pile=0.6811123854985223 dFP= 2.8e-03 3800s
  row    733   N5 AB INADM d100= 10.85 N100=6.576e+22 pile=0.6781553473834068 dFP= 2.8e-03 3755s
  row    705   N5 AB INADM d100=  2.00 N100=2.772e+22 pile=0.0 dFP= 1.6e-02 8070s
  row    741   I1 AB INADM d100= 12.46 N100=1.102e+20 pile=0.955324449204225 dFP= 6.0e-01 2406s
  row    749   I1 AB INADM d100= 12.44 N100=1.168e+20 pile=0.9530413157803889 dFP= 6.0e-01 1572s
  row    745   I1 AB INADM d100= 12.44 N100=1.241e+20 pile=0.9533744057642323 dFP= 5.2e-01 2464s
  row    753   I1 AB INADM d100= 12.44 N100=1.175e+20 pile=0.9534200411282633 dFP= 6.1e-01 1587s
  row    757   I1 AB INADM d100= 12.34 N100=9.861e+19 pile=0.9436525714311484 dFP= 6.0e-01 1160s
  row    737   I1  B INADM d100= 12.95 N100=2.985e+19 pile=0.9997357690151693 dFP= 4.4e-01 4012s
  row    417   N5 AB INADM d100=  2.14 N100=1.386e+21 pile=0.0 dFP= 6.2e-02 39303s
  row    765   I1 AB INADM d100=  3.60 N100=4.552e+22 pile=1.1172297544372002e-10 dFP= 5.7e-03 1983s
  row    665   N5 AB INADM d100= 12.87 N100=8.284e+20 pile=0.9927879042765639 dFP= 5.3e-02 12383s
  row    761   I1 AB INADM d100=  4.45 N100=1.123e+22 pile=3.186835158335048e-11 dFP= 2.1e-01 2498s
  row    769   I1 AB INADM d100=  4.70 N100=1.332e+22 pile=4.382136646402441e-11 dFP= 2.1e-01 2474s
  row    773   I1 AB INADM d100=  4.51 N100=1.242e+22 pile=3.357740577007978e-11 dFP= 2.3e-01 2482s
  row    649   N5 AB INADM d100= 12.85 N100=1.245e+21 pile=0.9907171170004329 dFP= 5.6e-02 12650s
  row    805   I1  A  ok   d100=  3.32 N100=1.333e+22 pile=9.285637045405464e-10 dFP= 6.6e-07 18s
  row    777   I1 AB INADM d100=  4.66 N100=1.205e+22 pile=2.2336282564437308e-11 dFP= 2.2e-01 2480s
  row    809   I1 AB  ok   d100=  3.09 N100=1.988e+22 pile=1.414150261440608e-10 dFP= 9.7e-07 18s
  row    813   I1 AB  ok   d100=  3.41 N100=1.311e+22 pile=3.5171548333347157e-10 dFP= 6.5e-07 16s
  row    817   I1 AB  ok   d100=  3.32 N100=1.333e+22 pile=9.285637045405464e-10 dFP= 6.6e-07 18s
  row    821   I1 AB  ok   d100=  3.32 N100=1.333e+22 pile=4.394253284009533e-10 dFP= 6.6e-07 16s
  row    825   I1 AB  ok   d100=  3.32 N100=8.471e+21 pile=8.750829032189197e-10 dFP= 6.6e-07 16s
  row    781   I1 AB INADM d100=  1.89 N100=7.426e+21 pile=0.0 dFP= 2.3e-01 2278s
  row    829   I1  B INADM d100=  2.46 N100=1.567e+22 pile=4.138891492959518e-13 dFP= 1.1e-01 192s
  row    841   I1 AB INADM d100=  8.31 N100=1.212e+21 pile=4.2468859161403434e-10 dFP= 8.8e-06 158s
  row    833   I1 AB INADM d100=  8.48 N100=1.216e+21 pile=5.016977398382236e-10 dFP= 1.9e-05 215s
  row    837   I1 AB INADM d100=  8.66 N100=1.399e+21 pile=3.0050506156366304e-10 dFP= 1.0e-05 231s
  row    709   N5 AB INADM d100= 12.64 N100=4.752e+19 pile=0.9583218614183244 dFP= 2.4e-02 11568s
  row    853   I1 AB INADM d100=  6.02 N100=1.114e+23 pile=0.057713275574905715 dFP= 2.4e-01 97s
  row    857   I1 AB INADM d100=  6.29 N100=1.182e+23 pile=0.07834262511006494 dFP= 4.0e-01 83s
  row    861   I1 AB INADM d100=  5.84 N100=1.176e+23 pile=0.038410234726564116 dFP= 2.1e-01 100s
  row    865   I1 AB INADM d100=  5.72 N100=4.074e+23 pile=0.003377023267363841 dFP= 2.7e-01 68s
  row    785   I1 AB INADM d100= 11.95 N100=2.157e+21 pile=0.9009190528613784 dFP= 3.5e-01 1049s
  row    845   I1 AB INADM d100=  8.48 N100=1.219e+21 pile=5.702650169961226e-10 dFP= 9.9e-06 202s
  row    849   I1 AB INADM d100=  8.47 N100=2.434e+21 pile=2.1788445770053273e-10 dFP= 9.9e-06 187s
  row    869   I1 AB INADM d100=  6.13 N100=1.177e+23 pile=0.06559502675921831 dFP= 2.1e-01 81s
  row    873   I1 AB INADM d100=  6.22 N100=1.175e+23 pile=0.07461482353544484 dFP= 2.5e-01 73s
  row    657   N5 AB INADM d100= 12.90 N100=9.404e+20 pile=0.995860193079482 dFP= 6.8e-02 12994s
  row    789   I1 AB INADM d100=  5.61 N100=1.650e+21 pile=2.4055089321676718e-11 dFP= 4.4e-01 1213s
  row    661   N5 AB INADM d100= 12.85 N100=7.627e+20 pile=0.9916059582613613 dFP= 4.2e-02 13255s
  row    881   I1 AB INADM d100= 12.86 N100=1.648e+19 pile=0.9920851260238892 dFP= 1.0e-01 341s
  row    889   I1 AB INADM d100= 12.86 N100=1.648e+19 pile=0.9920839851901826 dFP= 1.0e-01 335s
  row    901   I1 AB INADM d100= 11.93 N100=1.697e+22 pile=0.7831142397979723 dFP= 7.3e-02 312s
  row    893   I1 AB INADM d100= 12.86 N100=1.620e+19 pile=0.992365571294945 dFP= 1.0e-01 340s
  row    897   I1  A INADM d100= 11.76 N100=2.145e+22 pile=0.6997777440279076 dFP= 6.7e-02 336s
  row    793   I1 AB INADM d100=  7.41 N100=2.098e+21 pile=1.5643218273487986e-07 dFP= 4.4e-01 928s
  row    929   I1 AB INADM d100=  0.86 N100=9.023e+21 pile=0.0 dFP= 1.9e-02 19s
  row    877   I1 AB INADM d100= 12.89 N100=8.431e+18 pile=0.9946628783367221 dFP= 6.4e-02 429s
  row    921   I1  B INADM d100=  5.97 N100=2.273e+21 pile=2.938445200496605e-06 dFP= 6.1e-02 88s
  row    885   I1 AB INADM d100= 12.83 N100=2.730e+19 pile=0.9895097501008736 dFP= 9.1e-02 476s
  row    797   I1 AB INADM d100=  5.62 N100=1.638e+21 pile=1.3560446820545654e-10 dFP= 4.4e-01 990s
  row    945   I1 AB INADM d100=  8.08 N100=8.389e+22 pile=0.061344974199035056 dFP= 9.9e-03 83s
  row    949   I1 AB INADM d100=  7.82 N100=8.149e+22 pile=0.030768554040681 dFP= 9.2e-03 84s
  row    953   I1 AB INADM d100=  7.35 N100=8.451e+22 pile=0.002512892044427162 dFP= 9.6e-04 70s
  row    957   I1 AB INADM d100=  8.11 N100=6.859e+22 pile=0.03756872846572943 dFP= 8.9e-03 80s
  row    801   I1 AB INADM d100=  7.00 N100=9.085e+19 pile=4.658560317461108e-10 dFP= 4.4e-01 1052s
  row    909   I1 AB INADM d100= 11.76 N100=2.145e+22 pile=0.6997777440279076 dFP= 6.7e-02 335s
  row    961   I1 AB INADM d100=  7.74 N100=7.798e+22 pile=0.023515551019898877 dFP= 1.5e-02 86s
  row    965   I1 AB INADM d100=  5.53 N100=7.434e+22 pile=2.599539550036789e-11 dFP= 7.3e-03 84s
  row    913   I1 AB INADM d100= 11.76 N100=2.145e+22 pile=0.6997773069309512 dFP= 6.7e-02 324s
  row    917   I1 AB INADM d100= 11.55 N100=1.573e+22 pile=0.6846125705835581 dFP= 6.3e-02 324s
  row    925   I1 AB INADM d100=  8.47 N100=2.286e+20 pile=3.557499981369603e-10 dFP= 6.0e-04 344s
  row    905   I1 AB INADM d100= 12.88 N100=3.016e+21 pile=0.9938062828348676 dFP= 8.3e-01 473s
  row    937   I1 AB INADM d100=  8.45 N100=2.296e+20 pile=3.624313701761996e-10 dFP= 8.5e-04 355s
  row    933   I1 AB INADM d100=  8.45 N100=2.348e+20 pile=5.031770349560135e-10 dFP= 8.2e-04 370s
  row    941   I1 AB INADM d100=  8.46 N100=7.338e+20 pile=1.9749142695836866e-10 dFP= 8.5e-04 364s
  row    973   I1 AB INADM d100= 12.86 N100=5.465e+18 pile=0.9924996168088113 dFP= 9.4e-02 212s
  row   1013   I1  B INADM d100=  4.06 N100=1.667e+22 pile=4.48740780401951e-10 dFP= 1.5e-05 42s
  row    977   I1 AB INADM d100= 12.86 N100=5.421e+18 pile=0.9923931269817495 dFP= 1.0e-01 204s
  row    969   I1 AB INADM d100= 12.88 N100=3.228e+18 pile=0.9939044363846236 dFP= 6.1e-02 263s
  row    981   I1 AB INADM d100= 12.86 N100=5.485e+18 pile=0.9923320618704867 dFP= 9.3e-02 213s
  row    985   I1 AB INADM d100= 12.94 N100=4.666e+18 pile=0.9997433754052669 dFP= 9.4e-02 218s
  row    701   N5 AB INADM d100=  1.26 N100=2.826e+21 pile=0.0 dFP= 2.2e-02 13088s
  row    993   I1 AB INADM d100=  8.10 N100=2.640e+22 pile=0.04361393118138399 dFP= 1.8e-02 260s
  row    989   I1  A INADM d100=  8.06 N100=2.688e+22 pile=0.039084081715980025 dFP= 1.9e-02 297s
  row   1021   I1 AB INADM d100= 12.81 N100=6.778e+19 pile=0.9875078832543729 dFP= 4.7e-01 149s
  row   1001   I1 AB INADM d100=  8.06 N100=2.688e+22 pile=0.039084081715980025 dFP= 1.9e-02 298s
  row   1009   I1 AB INADM d100=  7.83 N100=2.430e+22 pile=0.03833967770666276 dFP= 1.9e-02 291s
  row   1037   I1 AB INADM d100=  5.77 N100=1.200e+22 pile=1.553938623839024e-07 dFP= 6.5e-06 163s
  row   1005   I1 AB INADM d100=  8.06 N100=2.688e+22 pile=0.03908451503930779 dFP= 1.9e-02 307s
  row   1045   I1 AB INADM d100=  5.08 N100=1.212e+22 pile=8.074367756783175e-10 dFP= 8.3e-06 145s
  row   1049   I1 AB INADM d100=  5.46 N100=1.076e+22 pile=1.810927303217159e-08 dFP= 3.8e-05 156s
  row   1053   I1 AB INADM d100=  5.50 N100=1.046e+22 pile=2.8706498897954456e-08 dFP= 6.5e-06 174s
  row   1057   I1 AB INADM d100=  5.08 N100=1.078e+22 pile=6.85442926769608e-10 dFP= 7.0e-06 160s
  row   1041   I1 AB INADM d100=  6.33 N100=1.836e+22 pile=0.00040952785767291584 dFP= 2.6e-02 315s
  row   1061   I1 AB INADM d100=  8.82 N100=8.837e+21 pile=0.11183764498691076 dFP= 4.0e-01 178s
  row   1081   I1  A INADM d100=  5.57 N100=2.869e+22 pile=5.631863765638907e-07 dFP= 2.7e-01 76s
  row   1085   I1 AB INADM d100=  5.56 N100=2.903e+22 pile=3.802294581730409e-07 dFP= 2.7e-01 81s
  row   1089   I1 AB INADM d100=  4.91 N100=4.426e+22 pile=1.925933907563855e-11 dFP= 2.8e-01 74s
  row   1065   I1 AB INADM d100=  4.69 N100=2.020e+22 pile=4.814194479062528e-11 dFP= 3.0e-03 238s
  row   1093   I1 AB INADM d100=  5.57 N100=2.869e+22 pile=5.631863765638907e-07 dFP= 2.7e-01 74s
  row   1017   I1 AB INADM d100= 12.75 N100=5.460e+19 pile=0.9824566982024737 dFP= 1.6e-01 476s
  row   1097   I1 AB INADM d100=  5.57 N100=2.869e+22 pile=5.634363086394659e-07 dFP= 2.7e-01 74s
  row   1073   I1 AB INADM d100=  4.41 N100=2.909e+22 pile=4.714408673280065e-11 dFP= 1.1e-03 232s
  row   1101   I1 AB INADM d100=  5.57 N100=2.929e+22 pile=5.611227826544261e-07 dFP= 2.7e-01 64s
  row   1077   I1 AB INADM d100=  7.72 N100=5.116e+20 pile=3.0774520717258845e-09 dFP= 7.0e-03 238s
  row   1025   I1 AB INADM d100= 12.75 N100=4.625e+19 pile=0.982599700490249 dFP= 1.5e-01 525s
  row   1033   I1 AB INADM d100= 12.79 N100=5.640e+19 pile=0.9860016762559972 dFP= 1.5e-01 511s
  row   1029   I1 AB INADM d100= 12.75 N100=4.390e+19 pile=0.982940932705665 dFP= 1.5e-01 522s
  row   1069   I1 AB INADM d100=  4.72 N100=2.406e+22 pile=1.1171629103423226e-11 dFP= 1.2e-02 405s
/opt/anaconda3/lib/python3.11/multiprocessing/resource_tracker.py:254: UserWarning: resource_tracker: There appear to be 5 leaked semaphore objects to clean up at shutdown
  warnings.warn('resource_tracker: There appear to be %d '
