\BOOKMARK [1][-]{section.1}{\376\377\000I\000n\000t\000r\000o\000d\000u\000c\000t\000i\000o\000n}{}% 1
\BOOKMARK [1][-]{section.2}{\376\377\000D\000a\000t\000a}{}% 2
\BOOKMARK [2][-]{subsection.2.1}{\376\377\000H\000i\000s\000t\000o\000r\000i\000c\000a\000l\000\040\000S\000\046\000P\0005\0000\0000\000\040\000m\000e\000m\000b\000e\000r\000s\000h\000i\000p}{section.2}% 3
\BOOKMARK [2][-]{subsection.2.2}{\376\377\000P\000r\000i\000c\000e\000s}{section.2}% 4
\BOOKMARK [2][-]{subsection.2.3}{\376\377\000S\000h\000a\000r\000e\000s\000\040\000o\000u\000t\000s\000t\000a\000n\000d\000i\000n\000g\000\040\000a\000n\000d\000\040\000s\000p\000l\000i\000t\000s}{section.2}% 5
\BOOKMARK [2][-]{subsection.2.4}{\376\377\000P\000a\000n\000e\000l}{section.2}% 6
\BOOKMARK [1][-]{section.3}{\376\377\000M\000o\000d\000e\000l}{}% 7
\BOOKMARK [2][-]{subsection.3.1}{\376\377\000S\000t\000a\000t\000e}{section.3}% 8
\BOOKMARK [2][-]{subsection.3.2}{\376\377\000M\000a\000s\000t\000e\000r\000\040\000e\000q\000u\000a\000t\000i\000o\000n}{section.3}% 9
\BOOKMARK [2][-]{subsection.3.3}{\376\377\000D\000r\000i\000v\000e\000r\000\040\000f\000o\000r\000e\000c\000a\000s\000t\000\040\000M\000"\0000\0003\0006\0002\000M\000t\000+\0001}{section.3}% 10
\BOOKMARK [1][-]{section.4}{\376\377\000P\000a\000r\000a\000m\000e\000t\000e\000r\000s}{}% 11
\BOOKMARK [1][-]{section.5}{\376\377\000C\000o\000n\000d\000i\000t\000i\000o\000n\000a\000l\000\040\000h\000i\000n\000d\000c\000a\000s\000t\000s}{}% 12
\BOOKMARK [2][-]{subsection.5.1}{\376\377\0002\0000\0000\0008\040\023\0000\0009}{section.5}% 13
\BOOKMARK [2][-]{subsection.5.2}{\376\377\0002\0000\0002\0000\040\023\0002\0001}{section.5}% 14
\BOOKMARK [1][-]{section.6}{\376\377\000G\000e\000n\000u\000i\000n\000e\000\040\0002\0000\0002\0002\000\040\000o\000u\000t\000-\000o\000f\000-\000s\000a\000m\000p\000l\000e\000\040\000f\000o\000r\000e\000c\000a\000s\000t}{}% 15
\BOOKMARK [1][-]{section.7}{\376\377\000P\000a\000p\000e\000r\000-\000t\000r\000a\000d\000i\000n\000g\000\040\000d\000e\000p\000l\000o\000y\000m\000e\000n\000t\000\040\000p\000r\000o\000t\000o\000c\000o\000l}{}% 16
\BOOKMARK [2][-]{subsection.7.1}{\376\377\000R\000u\000l\000e\000s}{section.7}% 17
\BOOKMARK [2][-]{subsection.7.2}{\376\377\000R\000e\000s\000u\000l\000t\000s}{section.7}% 18
\BOOKMARK [2][-]{subsection.7.3}{\376\377\000T\000h\000e\000\040\000t\000i\000l\000t\000\040\000d\000o\000e\000s\000\040\000n\000o\000t\000\040\000w\000o\000r\000k\000\040\040\024\000\040\000m\000e\000c\000h\000a\000n\000i\000s\000m}{section.7}% 19
\BOOKMARK [1][-]{section.8}{\376\377\000L\000i\000m\000i\000t\000a\000t\000i\000o\000n\000s\000\040\000a\000n\000d\000\040\000n\000e\000x\000t\000\040\000s\000t\000e\000p\000s}{}% 20
