  detected machine 0 = MacBook Pro (MEASURED speed 1.0), 14 worker(s)
  weights from machines.json (sha a8b9fa917fb3f581): 4 participants
machine 0/4  rows 480 (51 done, 429 to run)  workers 14
  provenance {"git_sha": "3b3e38af099f4369a8521ea5fb004a5e99768cde", "machine_id": "MacBook-Pro.local", "solver_sha256": "00c68d242b46e8b9", "workbook_sha256": "9253e7a0370af966", "design_sha256": "3461603bdf7818e3", "run_cfg_sha": "482d59556632dff8", "timeout_s": 3600.0, "stop_after_s": 0.0, "workers": 14, "weights_sha": "a8b9fa917fb3f581", "weights_map_sha": "87969710596d7511", "of": 4, "equations": "bin_moment", "python": "3.11.7"}

  *** REFUSING TO RESUME - the environment changed since the existing rows were written:
        git_sha: was ['1d652999fae45a3e79ba8557f9eb366763d45e15', 'f704409db6cc94f318e22f46949f3ba11836b4e7'] -> now 3b3e38af099f4369a8521ea5fb004a5e99768cde

  Those rows are not comparable to the ones this process would produce.
  Choose one:
    - restore the previous state (git checkout / rebuild), or
    - archive the old results and start clean:
        mv T3_rev6_machine0.jsonl T3_rev6_machine0_pre-change.jsonl
    - or, only if you are certain the change cannot affect results
      (e.g. a comment or README edit), re-run with --allow-mixed.
  row    108   N2 AB  ok   d100= 22.20 N100=1.974e+22 pile=0.9999715065814652 dFP= 7.8e-01 5198s
  row    116   N2 AB  ok   d100= 22.19 N100=1.901e+22 pile=0.9999706909739876 dFP= 7.8e-01 5348s
  row    109   N2 AB  ok   d100= 22.18 N100=2.023e+22 pile=0.9999682455270593 dFP= 7.6e-01 5891s
  row    122   N2 AB  ok   d100= 22.66 N100=2.797e+19 pile=0.9999965943712519 dFP= 6.4e-01 6458s
  row    121   N2 AB  ok   d100= 22.17 N100=1.962e+22 pile=0.9999679423920149 dFP= 7.7e-01 6492s
  row    117   N2 AB  ok   d100= 22.19 N100=2.022e+22 pile=0.999971214163673 dFP= 7.8e-01 6554s
  row    125   N2 AB  ok   d100= 22.28 N100=1.976e+22 pile=0.9999762807225067 dFP= 7.9e-01 7038s
  row    112   N2 AB  ok   d100= 22.21 N100=1.918e+22 pile=0.9999722302320122 dFP= 7.8e-01 10158s
  row    113   N2 AB  ok   d100= 22.78 N100=3.055e+20 pile=0.9999993733415504 dFP= 2.1e-01 12117s
  row    126   N2  A  ok   d100= 22.84 N100=1.368e+19 pile=0.9999998947468756 dFP= 7.0e-02 14056s
  row    129   N2 AB  ok   d100= 22.73 N100=2.184e+19 pile=0.9999988412934038 dFP= 1.4e-01 14056s
  row    147   N2  A  ok   d100= 18.17 N100=6.560e+23 pile=0.9984264464047793 dFP= 3.9e-01 7754s
  row    130   N2 AB  ok   d100= 22.86 N100=6.244e+18 pile=0.9999999390236652 dFP= 2.9e-02 14122s
  row    133   N2 AB  ok   d100= 22.84 N100=1.368e+19 pile=0.9999998947467192 dFP= 7.0e-02 14177s
  row    150   N2 AB  ok   d100= 18.69 N100=5.579e+23 pile=0.9988675081466376 dFP= 3.6e-01 7534s
  row    151   N2 AB  ok   d100= 18.54 N100=6.308e+23 pile=0.998795774539314 dFP= 3.5e-01 4906s
  row    134   N2 AB  ok   d100= 22.89 N100=1.682e+20 pile=0.9999726465720161 dFP= 3.3e-01 14118s
  row    154   N2 AB  ok   d100= 18.17 N100=6.560e+23 pile=0.9984264463779254 dFP= 3.9e-01 3289s
  row    156   N2 AB  ok   d100= 20.16 N100=4.721e+23 pile=0.998682538478163 dFP= 1.9e-01 1303s
  row    159   N2 AB  ok   d100= 18.15 N100=6.587e+23 pile=0.9984146767531016 dFP= 3.9e-01 1331s
  row    163   N2 AB  ok   d100= 18.17 N100=6.566e+23 pile=0.9984288403977338 dFP= 3.9e-01 1241s
  row    167   N2 AB  ok   d100= 18.03 N100=6.714e+23 pile=0.9982527228801169 dFP= 3.9e-01 1293s
  row    164   N2 AB  ok   d100= 20.97 N100=1.929e+23 pile=0.9997936529677195 dFP= 6.5e-03 1418s
  row    160   N2 AB  ok   d100= 21.30 N100=8.307e+22 pile=0.9997882923159592 dFP= 6.4e-02 1897s
  row    137   N2 AB  ok   d100= 22.84 N100=1.896e+19 pile=0.9999998713846596 dFP= 8.4e-02 11640s
  row    139   N2 AB  ok   d100= 22.84 N100=1.395e+19 pile=0.9999998931110018 dFP= 7.0e-02 11345s
  row    142   N2 AB  ok   d100= 22.84 N100=1.344e+19 pile=0.9999999043893548 dFP= 7.0e-02 11107s
  row    143   N2 AB  ok   d100= 22.84 N100=1.300e+19 pile=0.9999998954999942 dFP= 7.0e-02 10256s
  row    146   N2 AB  ok   d100= 22.85 N100=1.365e+19 pile=0.9999999047585089 dFP= 7.0e-02 10256s
  row    185   N2 AB  ok   d100= 18.49 N100=4.380e+23 pile=0.997502770172011 dFP= 4.4e-01 1644s
  row    189   N2  A  ok   d100= 20.25 N100=8.788e+22 pile=0.9991243369177488 dFP= 4.9e-01 1457s
  row    191   N2 AB  ok   d100= 20.34 N100=9.040e+22 pile=0.9992477859277995 dFP= 5.1e-01 1442s
  row    171   N2 AB  ok   d100= 22.89 N100=8.670e+20 pile=0.9999764591116486 dFP= 6.4e-01 2995s
  row    196   N2 AB  ok   d100= 20.25 N100=8.788e+22 pile=0.9991243369258427 dFP= 4.9e-01 1428s
  row    168   N2  A  ok   d100= 22.89 N100=2.014e+21 pile=0.9999455053114917 dFP= 7.5e-01 3298s
  row    194   N2 AB  ok   d100= 20.40 N100=8.250e+22 pile=0.9992180955675459 dFP= 5.0e-01 1579s
  row    172   N2 AB  ok   d100= 22.89 N100=1.467e+21 pile=0.9999709990558037 dFP= 7.3e-01 5648s
  row    177   N2 AB  ok   d100= 22.89 N100=1.875e+21 pile=0.999948749543711 dFP= 7.4e-01 8751s
  row    180   N2 AB  ok   d100= 22.89 N100=2.019e+21 pile=0.9999454323651367 dFP= 7.5e-01 9466s
  row    176   N2 AB  ok   d100= 22.89 N100=3.453e+20 pile=0.9999625685466889 dFP= 4.7e-01 12197s
  row    183   N2 AB  ok   d100= 22.89 N100=1.993e+21 pile=0.9999463842540033 dFP= 7.5e-01 12152s
  row    181   N2 AB  ok   d100= 22.89 N100=2.019e+21 pile=0.9999454338841726 dFP= 7.5e-01 13453s
  row    198   N2 AB  ok   d100= 20.14 N100=8.704e+22 pile=0.9990152701156122 dFP= 4.9e-01 11660s
  row    202   N2 AB  ok   d100= 20.24 N100=8.832e+22 pile=0.999116439306385 dFP= 4.9e-01 14229s
  row    200   N2 AB  ok   d100= 20.25 N100=8.789e+22 pile=0.9991253834386753 dFP= 4.9e-01 14239s
  row    204   N2 AB  ok   d100= 20.25 N100=8.788e+22 pile=0.9991248254362781 dFP= 4.9e-01 14343s
  row    206   N2 AB  ok   d100= 22.67 N100=1.522e+20 pile=0.9999651112336314 dFP= 8.6e-01 16031s
  row    208   N2 AB  ok   d100= 20.26 N100=8.804e+22 pile=0.9991274856947521 dFP= 4.9e-01 15996s
  row    187   N2 AB  ok   d100= 22.89 N100=4.708e+20 pile=0.9999450306142381 dFP= 7.4e-01 17815s
  row    234   N2 AB  ok   d100= 18.62 N100=8.625e+23 pile=0.9986482382639321 dFP= 6.0e-01 8722s
  row    238   N2 AB  ok   d100= 18.98 N100=7.555e+23 pile=0.9989968748095697 dFP= 5.7e-01 9400s
  row    236   N2 AB  ok   d100= 19.35 N100=6.716e+23 pile=0.999205057264125 dFP= 5.4e-01 9696s
  row    210   N2  A  ok   d100= 22.84 N100=2.630e+17 pile=0.9999991230632538 dFP= 1.0e-02 33105s
  row    213   N2 AB  ok   d100= 22.84 N100=3.327e+17 pile=0.9999959462896667 dFP= 1.1e-02 30713s
  row    242   N2 AB  ok   d100= 18.22 N100=8.196e+23 pile=0.9980455528241183 dFP= 5.8e-01 8139s
  row    240   N2 AB  ok   d100= 20.93 N100=2.415e+23 pile=0.9995531104949729 dFP= 1.4e-01 9030s
  row    215   N2 AB  ok   d100= 22.84 N100=2.469e+17 pile=0.9999958862865584 dFP= 1.1e-02 27750s
  row    217   N2 AB  ok   d100= 22.84 N100=2.630e+17 pile=0.9999991230482395 dFP= 1.0e-02 27028s
  row    219   N2 AB  ok   d100= 22.81 N100=2.041e+17 pile=0.9999993799707304 dFP= 9.7e-03 24598s
  row    244   N2 AB  ok   d100= 21.61 N100=1.928e+23 pile=0.9999208536453772 dFP= 1.2e-01 8442s
  row    223   N2 AB  ok   d100= 22.78 N100=5.805e+17 pile=0.9999994119306949 dFP= 7.6e-04 23026s
  row    221   N2 AB  ok   d100= 22.84 N100=2.573e+17 pile=0.9999976259409421 dFP= 1.0e-02 24334s
  row    225   N2 AB  ok   d100= 22.84 N100=3.374e+17 pile=0.999999700369286 dFP= 1.0e-02 23026s
  row    246   N2 AB  ok   d100= 18.98 N100=7.555e+23 pile=0.9989968735362978 dFP= 5.7e-01 1142s
  row    227   N2 AB  ok   d100= 22.89 N100=2.060e+17 pile=0.9998997214669678 dFP= 1.2e-02 20456s
  row    230   N2 AB  ok   d100= 22.84 N100=2.628e+17 pile=0.999999003683731 dFP= 1.0e-02 20456s
  row    232   N2  B  ok   d100= 22.84 N100=1.114e+20 pile=0.9999998360846739 dFP= 9.0e-02 20333s
  row    249   N2 AB  ok   d100= 18.98 N100=7.558e+23 pile=0.9989970809457752 dFP= 5.7e-01 1181s
  row    251   N2 AB  ok   d100= 18.85 N100=7.699e+23 pile=0.9989511720663704 dFP= 5.7e-01 1154s
  row    253   N2  B  ok   d100= 22.73 N100=1.851e+22 pile=0.9997526310926339 dFP= 1.3e-01 1840s
  row    276   N2 AB  ok   d100= 22.78 N100=1.020e+21 pile=0.9999701418608041 dFP= 9.2e-01 1842s
  row    260   N2 AB  ok   d100= 20.55 N100=2.636e+22 pile=0.9991222600586056 dFP= 4.2e-01 2261s
  row    277   N2 AB  ok   d100= 22.80 N100=2.159e+21 pile=0.9999652894324972 dFP= 9.3e-01 2009s
  row    273   N2  A  ok   d100= 22.77 N100=3.197e+21 pile=0.9998268144763556 dFP= 1.1e-01 2132s
  row    280   N2 AB  ok   d100= 22.77 N100=3.197e+21 pile=0.9998268144446788 dFP= 1.1e-01 2139s
  row    255   N2 AB  ok   d100= 22.79 N100=2.179e+20 pile=0.9999996605655369 dFP= 1.8e-01 5095s
  row    256   N2 AB  ok   d100= 22.83 N100=2.024e+20 pile=0.9999998438359781 dFP= 1.0e-01 5415s
  row    259   N2 AB  ok   d100= 22.81 N100=1.977e+20 pile=0.9999997807712075 dFP= 1.6e-01 5595s
  row    263   N2 AB  ok   d100= 22.81 N100=1.956e+20 pile=0.9999997774543596 dFP= 1.6e-01 5921s
  row    264   N2 AB  ok   d100= 22.81 N100=1.984e+20 pile=0.9999997805430006 dFP= 1.6e-01 5921s
  row    268   N2 AB  ok   d100= 22.82 N100=1.912e+20 pile=0.9999997978490834 dFP= 1.6e-01 6326s
  row    269   N2 AB  ok   d100= 22.70 N100=1.475e+19 pile=0.9999977520192347 dFP= 1.7e-01 6386s
  row    272   N2 AB  ok   d100= 22.84 N100=1.819e+20 pile=0.9999998654814226 dFP= 1.7e-01 6540s
  row    286   N2 AB  ok   d100= 22.75 N100=3.516e+21 pile=0.9998308026201294 dFP= 8.7e-02 5655s
  row    284   N2 AB  ok   d100= 22.79 N100=3.601e+21 pile=0.9998346054238544 dFP= 9.6e-02 5996s
  row    289   N2 AB  ok   d100= 22.78 N100=3.184e+21 pile=0.9998255015747234 dFP= 1.6e-01 5997s
  row    290   N2 AB  ok   d100= 21.20 N100=7.148e+22 pile=0.9994252428199049 dFP= 1.6e-01 6372s
  row    281   N2 AB  ok   d100= 22.86 N100=1.407e+19 pile=0.9999999399997845 dFP= 3.8e-02 8974s
  row    293   N2 AB  ok   d100= 22.74 N100=3.131e+21 pile=0.9981167704304972 dFP= 1.1e-01 7713s
  row    294   N2  A  ok   d100= 22.51 N100=2.004e+21 pile=0.9999928497588306 dFP= 6.1e-01 9155s
  row    297   N2 AB  ok   d100= 22.50 N100=2.046e+21 pile=0.9999925553153761 dFP= 6.2e-01 10064s
  row    298   N2 AB  ok   d100= 22.47 N100=2.142e+21 pile=0.9999900459096299 dFP= 5.7e-01 9902s
  row    301   N2 AB  ok   d100= 22.51 N100=2.004e+21 pile=0.999992849756914 dFP= 6.1e-01 11547s
  row    303   N2 AB  ok   d100= 22.54 N100=2.087e+21 pile=0.9999940139936803 dFP= 6.2e-01 11863s
  row    306   N2 AB  ok   d100= 22.49 N100=2.160e+21 pile=0.9999923690134683 dFP= 6.2e-01 12711s
  row    307   N2 AB  ok   d100= 22.41 N100=2.976e+21 pile=0.9999895792122855 dFP= 6.5e-01 13038s
  row    310   N2 AB  ok   d100= 22.51 N100=2.013e+21 pile=0.9999927238300422 dFP= 6.1e-01 12742s
  row    315   N2  A  ok   d100= 22.87 N100=1.649e+21 pile=0.9998446866188384 dFP= 2.8e-01 11714s
  row    314   N2 AB  ok   d100= 22.52 N100=2.023e+21 pile=0.9999932484692688 dFP= 6.2e-01 11958s
  row    318   N2 AB  ok   d100= 22.89 N100=1.698e+22 pile=0.9999112956664692 dFP= 2.3e-01 11310s
  row    319   N2 AB  ok   d100= 22.87 N100=2.370e+21 pile=0.9997789023053486 dFP= 1.7e-01 10038s
  row    323   N2 AB  ok   d100= 22.88 N100=1.119e+21 pile=0.999851795612482 dFP= 2.7e-01 10079s
  row    311   N2 AB  ok   d100= 22.43 N100=1.333e+20 pile=0.9999910140643824 dFP= 4.4e-01 12978s
  row    324   N2 AB  ok   d100= 22.87 N100=1.299e+21 pile=0.9998169822366523 dFP= 3.6e-01 7445s
  row    327   N2 AB  ok   d100= 22.87 N100=1.649e+21 pile=0.9998446112646431 dFP= 2.8e-01 6271s
  row    328   N2 AB  ok   d100= 22.88 N100=1.614e+21 pile=0.9998443043052767 dFP= 2.8e-01 6204s
  row    330   N2 AB  ok   d100= 22.87 N100=1.643e+21 pile=0.9998447072992767 dFP= 2.8e-01 4312s
  row    332   N2 AB  ok   d100= 22.85 N100=1.666e+21 pile=0.9998483173198575 dFP= 2.8e-01 3994s
  row    334   N2 AB  ok   d100= 22.86 N100=9.755e+20 pile=0.999845664758127 dFP= 2.9e-01 2759s
  row    357   N5  A  ok   d100=  7.02 N100=9.652e+22 pile=9.003235646822224e-17 dFP= 3.0e-01 1411s
  row    362   N5 AB  ok   d100=  9.59 N100=1.130e+23 pile=4.947084239889816e-17 dFP= 2.1e-01 1382s
  row    336   N5  A  ok   d100= 22.80 N100=6.966e+20 pile=0.9999995510425969 dFP= 3.1e-01 3660s
  row    338   N5 AB  ok   d100= 22.80 N100=6.976e+20 pile=0.9999995193265754 dFP= 3.1e-01 3660s
  row    364   N5 AB  ok   d100=  7.02 N100=9.652e+22 pile=9.003235587917296e-17 dFP= 3.0e-01 1405s
  row    360   N5 AB  ok   d100= 10.61 N100=7.803e+22 pile=5.2201767204991196e-17 dFP= 2.3e-01 1626s
  row    341   N5 AB  ok   d100= 22.81 N100=6.884e+20 pile=0.9999995789902771 dFP= 3.0e-01 3660s
  row    343   N5 AB  ok   d100= 22.80 N100=6.966e+20 pile=0.9999995510425563 dFP= 3.1e-01 3660s
  row    345   N5 AB  ok   d100= 22.77 N100=5.998e+20 pile=0.9999992931111142 dFP= 2.7e-01 3660s
  row    347   N5 AB  ok   d100= 22.77 N100=6.234e+20 pile=0.9999991494318426 dFP= 2.8e-01 3660s
  row    349   N5 AB  ok   d100= 22.81 N100=6.766e+20 pile=0.9999996118475543 dFP= 3.0e-01 3660s
  row    377   N5 AB  ok   d100=  1.61 N100=7.480e+21 pile=2.750869731572222e-14 dFP= 2.5e-01 844s
  row    351   N5 AB  ok   d100= 22.80 N100=6.545e+20 pile=0.9999995133094731 dFP= 2.7e-01 3914s
  row    374   N5 AB  ok   d100=  2.67 N100=1.986e+24 pile=3.8067104375918806e-17 dFP= 2.3e-01 1439s
  row    379   N5  B  ok   d100=  4.59 N100=9.447e+24 pile=2.6891000700630736e-18 dFP= 6.7e-01 1345s
  row    372   N5 AB  ok   d100=  7.37 N100=9.870e+22 pile=1.0031842503537513e-16 dFP= 3.1e-01 2262s
  row    366   N5 AB  ok   d100= 22.46 N100=3.083e+22 pile=0.9999774261586315 dFP= 6.9e-01 3091s
  row    353   N5 AB  ok   d100= 22.80 N100=5.438e+19 pile=0.9999966634302391 dFP= 2.4e-01 5407s
  row    355   N5 AB  ok   d100= 22.80 N100=6.964e+20 pile=0.9999995505941853 dFP= 3.0e-01 6775s
  row    368   N5 AB  ok   d100= 21.95 N100=4.966e+22 pile=0.9995392494504939 dFP= 3.9e-01 5785s
  row    370   N5 AB  ok   d100=  3.54 N100=4.020e+22 pile=9.3477377418506e-16 dFP= 2.8e-01 7458s
  row    403   N5 AB  ok   d100= 22.79 N100=4.177e+20 pile=0.9999981523182256 dFP= 7.2e-01 5428s
  row    402   N5 AB  ok   d100= 22.82 N100=8.505e+20 pile=0.9999741084905596 dFP= 7.6e-01 6956s
  row    381   N5 AB  ok   d100= 22.34 N100=2.032e+22 pile=0.9999652963406225 dFP= 5.9e-01 10029s
  row    383   N5 AB  ok   d100= 22.24 N100=3.634e+22 pile=0.99997079525853 dFP= 6.8e-01 10029s
  row    406   N5 AB  ok   d100= 22.80 N100=4.707e+20 pile=0.9999926599768589 dFP= 7.1e-01 5027s
  row    385   N5 AB  ok   d100= 22.32 N100=1.802e+22 pile=0.9999710524067593 dFP= 6.1e-01 10029s
  row    387   N5 AB  ok   d100= 22.56 N100=3.309e+21 pile=0.9999929139856869 dFP= 5.2e-01 10029s
  row    391   N5 AB  ok   d100= 21.63 N100=2.108e+23 pile=0.9998431464245143 dFP= 5.5e-01 9412s
  row    389   N5 AB  ok   d100= 22.34 N100=1.958e+22 pile=0.9999620615024033 dFP= 5.7e-01 9999s
  row    400   N5  B  ok   d100= 22.86 N100=9.464e+20 pile=0.9999999348381222 dFP= 3.3e-01 8493s
  row    393   N5 AB  ok   d100= 22.32 N100=1.796e+22 pile=0.9999710411826902 dFP= 6.1e-01 9776s
  row    396   N5 AB  ok   d100= 22.32 N100=1.805e+22 pile=0.9999710973829972 dFP= 6.1e-01 9520s
  row    398   N5 AB  ok   d100= 22.44 N100=2.533e+22 pile=0.9999859197370174 dFP= 7.1e-01 9226s
  row    411   N5 AB  ok   d100= 22.82 N100=4.576e+20 pile=0.9999874444449446 dFP= 7.1e-01 2126s
  row    407   N5 AB  ok   d100= 22.87 N100=1.029e+19 pile=0.9999999726183627 dFP= 1.5e-02 5134s
  row    410   N5 AB  ok   d100= 22.81 N100=5.035e+20 pile=0.999993320432016 dFP= 7.0e-01 2248s
  row    415   N5 AB  ok   d100= 22.80 N100=4.685e+20 pile=0.999993761114352 dFP= 7.2e-01 2087s
  row    416   N5 AB  ok   d100= 22.88 N100=4.171e+20 pile=0.9999645074030592 dFP= 7.1e-01 2138s
  row    419   N5 AB  ok   d100= 22.79 N100=4.679e+20 pile=0.9999865086942649 dFP= 7.1e-01 2081s
  row    428   N5 AB  ok   d100= 22.88 N100=2.210e+22 pile=0.9995403088767829 dFP= 3.6e-01 1776s
  row    420   N5  A  ok   d100= 22.89 N100=3.095e+20 pile=0.9999440545532331 dFP= 2.8e-01 2503s
  row    423   N5 AB  ok   d100= 22.89 N100=1.496e+20 pile=0.999973125956262 dFP= 1.9e-01 2462s
  row    427   N5 AB  ok   d100= 22.89 N100=3.095e+20 pile=0.9999440556667653 dFP= 2.8e-01 2590s
  row    431   N5 AB  ok   d100= 22.89 N100=2.897e+20 pile=0.9999453940995965 dFP= 2.8e-01 2451s
  row    433   N5 AB  ok   d100= 22.89 N100=3.117e+20 pile=0.9999459227505202 dFP= 2.8e-01 5260s
  row    436   N5 AB  ok   d100= 22.89 N100=3.113e+20 pile=0.99994750485739 dFP= 3.0e-01 5751s
  row    424   N5 AB  ok   d100= 22.89 N100=1.804e+20 pile=0.9999860261881702 dFP= 3.4e-01 10242s
  row    440   N5 AB  ok   d100= 22.89 N100=3.134e+20 pile=0.9999134326094464 dFP= 2.6e-01 11806s
  row    441   N5  A  ok   d100= 21.51 N100=1.516e+23 pile=0.9999408976361913 dFP= 6.7e-05 13821s
  row    444   N5 AB  ok   d100= 21.48 N100=1.562e+23 pile=0.9999370999008848 dFP= 1.3e-02 16135s
  row    437   N5 AB  ok   d100= 22.02 N100=5.264e+22 pile=0.9998690481131464 dFP= 5.2e-01 16827s
  row    448   N5 AB  ok   d100= 21.51 N100=1.516e+23 pile=0.9999408976271654 dFP= 6.7e-05 16551s
  row    450   N5 AB  ok   d100= 12.05 N100=6.888e+23 pile=2.625218050767099e-13 dFP= 1.8e-02 16345s
  row    453   N5 AB  ok   d100= 21.39 N100=1.658e+23 pile=0.9999300099236772 dFP= 3.6e-02 19653s
  row    445   N5 AB  ok   d100= 19.90 N100=6.914e+22 pile=0.9995797361347939 dFP= 8.0e-02 21785s
  row    457   N5 AB  ok   d100= 21.51 N100=1.522e+23 pile=0.9999393039450486 dFP= 3.5e-03 21985s
  row    454   N5 AB  ok   d100= 20.40 N100=1.511e+23 pile=0.9997384063742979 dFP= 1.8e-01 23478s
  row    461   N5 AB  ok   d100= 21.57 N100=1.562e+23 pile=0.9999402465224868 dFP= 1.4e-02 20403s
  row    458   N5 AB  ok   d100= 22.68 N100=2.105e+20 pile=0.9999987767973385 dFP= 3.1e-01 27307s
  row    462   N5  A  ok   d100= 22.84 N100=1.790e+20 pile=0.9999998757288373 dFP= 1.3e-01 26664s
  row    483   N5  A  ok   d100= 10.98 N100=3.079e+24 pile=0.07101332217662903 dFP= 2.8e-01 11614s
  row    465   N5 AB  ok   d100= 22.84 N100=4.243e+20 pile=0.9999998609930574 dFP= 1.5e-01 26437s
  row    488   N5 AB  ok   d100=  9.05 N100=4.587e+24 pile=9.45570617714513e-17 dFP= 2.8e-01 12510s
  row    485   N5 AB  ok   d100= 10.78 N100=3.002e+24 pile=0.012891465992201988 dFP= 2.6e-01 14649s
  row    470   N5 AB  ok   d100= 22.50 N100=1.449e+21 pile=0.9999918955837618 dFP= 4.7e-01 27254s
  row    466   N5 AB  ok   d100= 22.80 N100=1.417e+20 pile=0.999999585441474 dFP= 9.5e-02 29345s
  row    490   N5 AB  ok   d100= 10.98 N100=3.079e+24 pile=0.07101540194661103 dFP= 2.8e-01 13364s
  row    492   N5 AB  ok   d100= 12.22 N100=3.376e+24 pile=0.715002286701955 dFP= 5.1e-01 12363s
  row    471   N5 AB  ok   d100= 22.84 N100=1.751e+20 pile=0.9999998852869756 dFP= 1.3e-01 27566s
  row    494   N5 AB  ok   d100= 12.81 N100=3.042e+24 pile=0.8887022243094896 dFP= 3.8e-01 9263s
  row    474   N5 AB  ok   d100= 22.84 N100=1.788e+20 pile=0.9999998758144081 dFP= 1.3e-01 27118s
  row    475   N5 AB  ok   d100= 22.84 N100=1.912e+20 pile=0.999999868031614 dFP= 1.3e-01 27118s
  row    477   N5 AB  ok   d100= 22.84 N100=2.013e+20 pile=0.9999998781773619 dFP= 1.5e-01 27118s
  row    498   N5 AB  ok   d100= 10.98 N100=3.079e+24 pile=0.07379895247335565 dFP= 2.8e-01 7246s
  row    500   N5 AB  ok   d100= 15.67 N100=1.184e+24 pile=0.98518727006834 dFP= 1.7e-01 5420s
  row    496   N5 AB  ok   d100= 22.11 N100=9.432e+22 pile=0.9999526049561194 dFP= 6.0e-01 9315s
  row    479   N5 AB  ok   d100= 22.84 N100=1.503e+20 pile=0.9999998833386045 dFP= 1.2e-01 24098s
  row    502   N5 AB  ok   d100= 10.98 N100=3.079e+24 pile=0.07102445709919898 dFP= 2.8e-01 3533s
  row    481   N5 AB  ok   d100= 22.84 N100=1.639e+20 pile=0.99999987863143 dFP= 1.3e-01 22713s
  row    507   N5 AB  ok   d100= 22.86 N100=2.228e+21 pile=0.9999995147666235 dFP= 2.8e-01 4494s
  row    521   N5 AB  ok   d100= 17.19 N100=1.457e+24 pile=0.9254412946987409 dFP= 8.7e-03 2506s
  row    528   N5 AB  ok   d100= 21.35 N100=2.468e+23 pile=0.99969013894173 dFP= 4.8e-01 2304s
  row    504   N5  A  ok   d100= 22.89 N100=2.112e+22 pile=0.9999999757211756 dFP= 6.8e-01 5718s
  row    524   N5 AB  ok   d100= 22.87 N100=3.605e+21 pile=0.9999644277576658 dFP= 1.8e-01 2781s
  row    532   N5 AB  ok   d100= 20.79 N100=3.373e+23 pile=0.9992976064936429 dFP= 3.7e-01 2465s
  row    509   N5 AB  ok   d100= 22.89 N100=2.106e+22 pile=0.9999999763117934 dFP= 6.9e-01 3441s
  row    526   N5  B  ok   d100= 22.78 N100=2.334e+20 pile=0.9999995658138828 dFP= 3.0e-01 2866s
  row    511   N5 AB  ok   d100= 22.89 N100=2.112e+22 pile=0.9999999757211611 dFP= 6.8e-01 3448s
  row    513   N5 AB  ok   d100= 22.89 N100=2.059e+22 pile=0.9999999767163019 dFP= 6.8e-01 3417s
  row    530   N5 AB  ok   d100= 20.98 N100=3.037e+23 pile=0.9994409858142236 dFP= 4.1e-01 2629s
  row    519   N5 AB  ok   d100= 22.89 N100=2.101e+22 pile=0.9999999774333829 dFP= 6.9e-01 3454s
  row    517   N5 AB  ok   d100= 22.89 N100=2.143e+22 pile=0.9999999679766414 dFP= 6.6e-01 3645s
  row    515   N5 AB  ok   d100= 22.82 N100=2.226e+22 pile=0.9999937085841657 dFP= 5.4e-01 3661s
  row    534   N5 AB  ok   d100= 20.81 N100=3.263e+23 pile=0.999300187949936 dFP= 3.9e-01 5847s
  row    538   N5 AB  ok   d100= 20.77 N100=3.412e+23 pile=0.9992796349300331 dFP= 3.7e-01 5888s
  row    536   N5 AB  ok   d100= 20.79 N100=3.374e+23 pile=0.9992975374326537 dFP= 3.7e-01 5988s
  row    540   N5 AB  ok   d100= 20.79 N100=3.373e+23 pile=0.9992980537227403 dFP= 3.7e-01 5895s
  row    547   N5  B  ok   d100= 22.89 N100=3.973e+22 pile=0.9999655355303051 dFP= 8.1e-01 5651s
  row    543   N5 AB  ok   d100= 20.79 N100=3.373e+23 pile=0.999297616744598 dFP= 3.7e-01 5877s
  row    545   N5 AB  ok   d100= 21.07 N100=3.321e+23 pile=0.99947550982664 dFP= 3.8e-01 5988s
  row    554   N5 AB  ok   d100= 19.60 N100=2.161e+22 pile=0.08259771049688423 dFP= 4.3e-01 6652s
  row    567   N5  A  ok   d100= 15.45 N100=1.769e+24 pile=0.9790759995686633 dFP= 2.3e-02 1309s
  row    571   N5 AB  ok   d100= 10.03 N100=2.220e+24 pile=2.3964428032133813e-18 dFP= 3.9e-03 1288s
  row    570   N5 AB  ok   d100= 14.89 N100=2.005e+24 pile=0.9616921659958217 dFP= 5.9e-03 1412s
  row    549   N5 AB  ok   d100= 22.57 N100=2.554e+17 pile=0.9999952212903163 dFP= 2.4e-02 7056s
  row    574   N5 AB  ok   d100= 15.45 N100=1.769e+24 pile=0.9790760582642726 dFP= 2.3e-02 1297s
  row    550   N5 AB  ok   d100= 22.85 N100=5.214e+18 pile=0.9999999431122123 dFP= 1.6e-02 7056s
  row    553   N5 AB  ok   d100= 22.58 N100=2.231e+17 pile=0.999995474584859 dFP= 2.2e-02 7056s
  row    557   N5 AB  ok   d100= 22.53 N100=1.754e+17 pile=0.9999936219743921 dFP= 2.3e-02 7056s
  row    558   N5 AB  ok   d100= 22.54 N100=1.736e+16 pile=0.9999914562628699 dFP= 3.1e-02 7056s
  row    562   N5 AB  ok   d100= 22.69 N100=2.647e+17 pile=0.9999983551253945 dFP= 2.2e-02 7056s
  row    578   N5 AB  ok   d100=  5.60 N100=2.719e+24 pile=6.287125041764787e-18 dFP= 3.5e-03 1317s
  row    583   N5 AB  ok   d100= 15.45 N100=1.786e+24 pile=0.9773496368137686 dFP= 1.8e-02 2386s
  row    584   N5 AB  ok   d100= 18.59 N100=7.237e+23 pile=0.9980937956484185 dFP= 2.7e-01 3301s
  row    580   N5 AB  ok   d100= 21.60 N100=1.781e+23 pile=0.9998978655945667 dFP= 6.7e-01 4280s
  row    587   N5 AB  ok   d100= 15.27 N100=1.808e+24 pile=0.9787868140328678 dFP= 2.3e-02 4099s
  row    563   N5 AB  ok   d100= 22.73 N100=4.663e+15 pile=0.9988448362971049 dFP= 1.7e-02 7347s
  row    566   N5 AB  ok   d100= 22.58 N100=2.221e+17 pile=0.9999954412791375 dFP= 2.2e-02 9671s
  row    575   N5 AB  ok   d100= 22.68 N100=1.178e+22 pile=0.9999979628069778 dFP= 7.5e-01 12218s
  row    597   N5 AB  ok   d100= 22.63 N100=1.235e+22 pile=0.9999943989528066 dFP= 3.3e-01 13364s
  row    588   N5  A  ok   d100= 22.86 N100=8.083e+20 pile=0.9999997411188373 dFP= 3.4e-01 14228s
  row    591   N5 AB  ok   d100= 22.88 N100=3.402e+21 pile=0.9999999210818529 dFP= 4.8e-01 14228s
  row    592   N5 AB  ok   d100= 22.60 N100=7.984e+21 pile=0.9999957690308117 dFP= 4.1e-01 14228s
  row    595   N5 AB  ok   d100= 22.86 N100=8.083e+20 pile=0.999999741118867 dFP= 3.4e-01 14450s
  row    600   N5 AB  ok   d100= 22.85 N100=8.297e+20 pile=0.9999996776760449 dFP= 3.5e-01 14768s
  row    601   N5 AB  ok   d100= 22.85 N100=8.244e+20 pile=0.9999997095102962 dFP= 3.5e-01 18333s
  row    609   N5  A  ok   d100= 22.31 N100=7.597e+21 pile=0.9999736660977044 dFP= 1.6e-01 16754s
  row    604   N5 AB  ok   d100= 22.85 N100=6.684e+20 pile=0.9999997223097024 dFP= 3.3e-01 18608s
  row    605   N5 AB  ok   d100= 22.82 N100=3.402e+20 pile=0.999999793628824 dFP= 2.8e-01 17676s
  row    612   N5 AB  ok   d100= 22.77 N100=3.364e+21 pile=0.9999986450608171 dFP= 6.9e-01 15670s
  row    608   N5 AB  ok   d100= 22.82 N100=4.465e+20 pile=0.9999993706010197 dFP= 2.9e-01 18869s
  row    613   N5 AB  ok   d100= 22.77 N100=5.090e+21 pile=0.9999985159307074 dFP= 7.7e-01 16242s
  row    626   N5 AB  ok   d100= 19.79 N100=3.777e+23 pile=0.9990195890303993 dFP= 4.7e-01 9788s
  row    617   N5 AB  ok   d100= 22.86 N100=4.258e+19 pile=0.9999999592478247 dFP= 3.0e-02 13946s
  row    621   N5 AB  ok   d100= 22.19 N100=1.122e+22 pile=0.9999660848646993 dFP= 1.1e-01 11049s
  row    618   N5 AB  ok   d100= 22.67 N100=2.658e+21 pile=0.9999914010619763 dFP= 8.7e-01 11755s
  row    622   N5 AB  ok   d100= 22.25 N100=9.417e+21 pile=0.9999702187872533 dFP= 1.4e-01 11339s
  row    624   N5 AB  ok   d100= 22.31 N100=7.599e+21 pile=0.9999736700200211 dFP= 1.6e-01 11479s
  row    628   N5 AB  ok   d100= 21.83 N100=4.860e+21 pile=0.9999372122556426 dFP= 2.5e-01 10885s
  row    630   N5  A  ok   d100= 22.57 N100=1.417e+22 pile=0.9999950143365701 dFP= 6.1e-01 7831s
  row    635   N5 AB  ok   d100= 22.73 N100=3.260e+21 pile=0.9999979169002194 dFP= 5.9e-01 6427s
  row    632   N5 AB  ok   d100= 22.54 N100=9.531e+21 pile=0.9999932623988946 dFP= 5.6e-01 6436s
  row    637   N5 AB  ok   d100= 22.57 N100=1.417e+22 pile=0.9999950143326837 dFP= 6.1e-01 6436s
  row    639   N5 AB  ok   d100= 22.50 N100=1.892e+22 pile=0.9999923578959575 dFP= 6.2e-01 6436s
  row    641   N5 AB  ok   d100= 22.56 N100=9.104e+21 pile=0.9999925840941045 dFP= 5.6e-01 4582s
  row    654   N5 AB  ok   d100= 22.75 N100=5.478e+22 pile=0.9999685467073625 dFP= 6.9e-01 2208s
  row    643   N5 AB  ok   d100= 22.17 N100=3.194e+22 pile=0.9999781511814267 dFP= 5.2e-01 3660s
  row    651   N5  A  ok   d100= 22.85 N100=1.941e+22 pile=0.999999169070283 dFP= 7.6e-01 2600s
  row    645   N5 AB  ok   d100= 22.57 N100=1.413e+22 pile=0.999995020041028 dFP= 6.0e-01 3660s
  row    656   N5 AB  ok   d100= 22.84 N100=1.951e+22 pile=0.999999412096669 dFP= 7.6e-01 2559s
  row    658   N5 AB  ok   d100= 22.85 N100=1.941e+22 pile=0.9999991690688547 dFP= 7.6e-01 2596s
  row    647   N5 AB  ok   d100= 22.81 N100=1.243e+21 pile=0.9999992594765864 dFP= 5.5e-01 3660s
  row    649   N5 AB  ok   d100= 22.57 N100=1.422e+22 pile=0.9999950237809471 dFP= 6.1e-01 3660s
  row    673   I1  B  ok   d100= 22.88 N100=1.061e+20 pile=0.999950470000179 dFP= 8.5e-01 1275s
  row    675   I1 AB  ok   d100= 22.56 N100=2.347e+20 pile=0.9999913036357728 dFP= 6.7e-01 1375s
  row    679   I1 AB  ok   d100= 22.55 N100=2.472e+20 pile=0.9999909014838073 dFP= 6.8e-01 1408s
  row    677   I1 AB  ok   d100= 22.56 N100=2.458e+20 pile=0.9999909988485302 dFP= 6.8e-01 1431s
  row    681   I1 AB  ok   d100= 22.50 N100=2.392e+20 pile=0.9999871850330143 dFP= 7.1e-01 1367s
  row    660   N5 AB  ok   d100= 22.85 N100=1.925e+22 pile=0.9999995023478161 dFP= 7.6e-01 2595s
  row    662   N5 AB  ok   d100= 22.85 N100=1.949e+22 pile=0.9999992263521448 dFP= 7.6e-01 2606s
  row    666   N5 AB  ok   d100= 22.85 N100=1.938e+22 pile=0.999999190686509 dFP= 7.6e-01 2586s
  row    668   N5 AB  ok   d100= 22.82 N100=2.062e+22 pile=0.9999989397809173 dFP= 7.7e-01 2614s
  row    664   N5 AB  ok   d100= 22.86 N100=1.783e+22 pile=0.9999968386965231 dFP= 7.6e-01 2705s
  row    683   I1 AB  ok   d100= 22.56 N100=2.493e+20 pile=0.9999914398282286 dFP= 6.7e-01 1463s
  row    685   I1 AB  ok   d100= 22.56 N100=2.446e+20 pile=0.9999912322459644 dFP= 6.8e-01 1395s
  row    671   N5 AB  ok   d100= 22.85 N100=1.906e+22 pile=0.9999993415041192 dFP= 7.7e-01 2602s
  row    687   I1 AB  ok   d100= 22.55 N100=2.448e+20 pile=0.9999908383491259 dFP= 6.6e-01 1541s
  row    690   I1 AB  ok   d100= 22.40 N100=1.701e+20 pile=0.9999856084706645 dFP= 6.7e-01 1596s
  row    710   I1 AB  ok   d100=  3.47 N100=2.922e+24 pile=1.5172132255264957e-17 dFP= 2.4e-01 2814s
  row    696   I1 AB  ok   d100= 21.65 N100=5.429e+22 pile=0.9892250581734723 dFP= 1.5e-01 5368s
  row    692   I1 AB  ok   d100= 22.67 N100=2.507e+20 pile=0.9999955007313072 dFP= 6.9e-01 5514s
  row    694   I1  B  ok   d100= 16.63 N100=7.265e+23 pile=0.9948564266800726 dFP= 5.7e-01 6072s
  row    697   I1 AB  ok   d100= 20.14 N100=6.412e+22 pile=0.47289599301656843 dFP= 1.7e-01 6776s
  row    700   I1 AB  ok   d100= 19.44 N100=6.489e+22 pile=0.11856998848991397 dFP= 1.5e-01 7074s
  row    704   I1 AB  ok   d100= 22.64 N100=4.633e+22 pile=0.9998175524974005 dFP= 1.3e-01 6968s
  row    713   I1 AB  ok   d100=  3.84 N100=3.507e+23 pile=1.0415034478616262e-16 dFP= 2.5e-01 6813s
  row    709   I1 AB  ok   d100= 20.69 N100=5.499e+22 pile=0.8653928019449314 dFP= 1.4e-01 7532s
  row    705   I1 AB  ok   d100= 19.04 N100=7.717e+22 pile=0.09100806134570935 dFP= 2.2e-01 7556s
  row    701   I1 AB  ok   d100= 22.61 N100=4.217e+22 pile=0.9980971004503189 dFP= 8.1e-02 7650s
  row    722   I1 AB  ok   d100= 13.07 N100=2.241e+24 pile=3.161259475044173e-05 dFP= 5.6e-01 7632s

  STOP requested (raise timeout_s 16200 -> 28800 before the I1 block (measured 33% full dose at 16200; I1 median ~19-20ks sits just above that cap)) -- not submitting further rows; 13 in flight will finish and be written.

  row    735   I1  A  ok   d100= 22.65 N100=3.038e+21 pile=0.9944760005092164 dFP= 1.3e-03 5719s
  row    739   I1 AB  ok   d100= 22.74 N100=2.650e+21 pile=0.9965729555798812 dFP= 1.3e-03 5195s
  row    742   I1 AB  ok   d100= 22.65 N100=3.038e+21 pile=0.9944760150923092 dFP= 1.3e-03 5245s
  row    714   I1  A  ok   d100= 22.54 N100=3.403e+21 pile=0.9999923741580249 dFP= 7.9e-01 12681s
  row    717   I1 AB  ok   d100= 22.52 N100=3.969e+21 pile=0.999990704793245 dFP= 8.0e-01 12492s
  row    738   I1 AB  ok   d100= 22.17 N100=5.771e+21 pile=0.9720689203742734 dFP= 1.0e-03 5471s
  row    721   I1 AB  ok   d100= 22.54 N100=3.403e+21 pile=0.9999923741581473 dFP= 7.9e-01 10391s
  row    727   I1 AB  ok   d100= 22.41 N100=1.754e+22 pile=0.9999841434408964 dFP= 8.1e-01 7873s
  row    725   I1 AB  ok   d100= 22.55 N100=3.470e+21 pile=0.9999926509670216 dFP= 7.9e-01 8523s
  row    718   I1 AB  ok   d100= 22.57 N100=4.963e+21 pile=0.9999871646632824 dFP= 7.5e-01 12733s
  row    730   I1 AB  ok   d100= 22.51 N100=3.578e+21 pile=0.9999902435542194 dFP= 7.7e-01 7036s
  row    731   I1 AB  ok   d100= 22.65 N100=5.009e+20 pile=0.9999959044715863 dFP= 7.4e-01 6862s
  row    734   I1 AB  ok   d100= 22.58 N100=3.618e+21 pile=0.9999936699513506 dFP= 8.0e-01 6849s

STOPPED in 192572s: 335 admissible, 0 inadmissible, 0 failed -> /Users/ghoni/Documents/GitHub/RadCluster/RadCluster_2_1/digital_twin/results/T3_rev6_machine0.jsonl
  manifest -> T3_rev6_machine0.manifest.json
  126 row(s) were never started and remain assigned to this machine.
  Clear the flag (campaign_ops.clear_stop()) and re-run the same command to resume; completed rows are skipped automatically.
  detected machine 0 = MacBook Pro (MEASURED speed 1.0), 14 worker(s), 1 OMP thread(s)/row
  row budget 3600 s, OMP_NUM_THREADS=1
  weights from machines.json (sha e92a351a6efb7627): 4 participants
machine 0/4  rows 480 (354 done, 126 to run)  workers 14
  provenance {"git_sha": "4107bc2778085b4c1f6c9a09f94ddefe44f4ef5c", "machine_id": "MacBook-Pro.local", "solver_sha256": "00c68d242b46e8b9", "workbook_sha256": "9253e7a0370af966", "design_sha256": "3461603bdf7818e3", "run_cfg_sha": "482d59556632dff8", "timeout_s": 3600.0, "stop_after_s": 0.0, "workers": 14, "omp_threads": 1, "weights_sha": "e92a351a6efb7627", "weights_map_sha": "87969710596d7511", "of": 4, "equations": "bin_moment", "python": "3.11.7"}
  WARNING: resuming across an environment change (git_sha) because --allow-mixed was given.
  row    764   I1 AB  ok   d100= 15.27 N100=9.223e+22 pile=2.645637136963698e-13 dFP= 1.6e-03 948s
  row    760   I1 AB  ok   d100= 22.89 N100=1.580e+21 pile=0.9998208189232748 dFP= 8.9e-01 1058s
  row    751   I1 AB  ok   d100= 22.67 N100=3.034e+21 pile=0.9948478265624983 dFP= 1.3e-03 1109s
  row    755   I1 AB  ok   d100= 22.18 N100=3.039e+21 pile=0.973748434552601 dFP= 5.3e-04 1112s
  row    748   I1 AB  ok   d100= 22.66 N100=3.015e+21 pile=0.994459887265014 dFP= 1.4e-03 1113s
  row    747   I1 AB  ok   d100= 22.65 N100=3.036e+21 pile=0.994467762962165 dFP= 1.3e-03 1116s
  row    752   I1 AB  ok   d100= 22.67 N100=3.020e+21 pile=0.9943594836343607 dFP= 1.3e-03 1117s
  row    759   I1 AB  ok   d100= 22.89 N100=1.295e+21 pile=0.9996289961433207 dFP= 8.4e-01 1175s
  row    765   I1 AB  ok   d100= 22.89 N100=2.207e+21 pile=0.9993809426531074 dFP= 3.2e-01 1238s
  row    768   I1 AB  ok   d100= 22.89 N100=2.229e+21 pile=0.9993944083162288 dFP= 3.3e-01 1239s
  row    756   I1  A  ok   d100= 22.89 N100=2.230e+21 pile=0.9993945087983863 dFP= 3.3e-01 1240s
  row    769   I1 AB  ok   d100= 22.89 N100=2.231e+21 pile=0.9993945225559077 dFP= 3.3e-01 1246s
  row    771   I1 AB  ok   d100= 22.89 N100=2.256e+21 pile=0.99939186560326 dFP= 3.2e-01 1247s
  row    744   I1 AB  ok   d100= 22.86 N100=3.364e+21 pile=0.9989023772750166 dFP= 5.9e-02 1307s
  row    773   I1 AB  ok   d100= 20.18 N100=4.601e+22 pile=0.9986387211081352 dFP= 1.2e-01 1216s
  row    775   I1 AB  ok   d100= 22.89 N100=2.430e+21 pile=0.9993926064536833 dFP= 3.2e-01 1250s
  row    782   I1 AB  ok   d100= 21.31 N100=7.145e+22 pile=0.9997411926479949 dFP= 6.7e-01 1246s
  row    777   I1  A  ok   d100= 21.39 N100=5.121e+22 pile=0.9997881669912998 dFP= 7.1e-01 1292s
  row    784   I1 AB  ok   d100= 21.39 N100=5.121e+22 pile=0.9997881670403177 dFP= 7.1e-01 1302s
  row    779   I1 AB  ok   d100= 21.42 N100=5.264e+22 pile=0.9998036369609986 dFP= 7.2e-01 1314s
  row    788   I1 AB  ok   d100= 21.35 N100=5.065e+22 pile=0.9997746660673775 dFP= 7.1e-01 1290s
  row    794   I1 AB  ok   d100= 22.46 N100=1.082e+20 pile=0.9999738521804663 dFP= 9.3e-01 1260s
  row    790   I1 AB  ok   d100= 21.27 N100=7.475e+22 pile=0.9997277490777892 dFP= 6.6e-01 1267s
  row    796   I1 AB  ok   d100= 21.39 N100=5.118e+22 pile=0.9997880090984571 dFP= 7.1e-01 1311s
  row    792   I1 AB  ok   d100= 21.39 N100=5.121e+22 pile=0.9997881808640208 dFP= 7.1e-01 1410s
  row    786   I1 AB  ok   d100= 19.89 N100=2.024e+23 pile=0.9995226857370484 dFP= 3.7e-01 1785s
  row    822   I1 AB  ok   d100= 15.77 N100=1.268e+24 pile=0.9134979460664596 dFP= 2.2e-02 931s
  row    824   I1 AB  ok   d100= 14.88 N100=1.514e+24 pile=0.771576640994356 dFP= 8.1e-03 1853s
  row    820   I1  B  ok   d100= 20.73 N100=6.764e+21 pile=0.9981111148242829 dFP= 4.4e-03 2191s
  row    798   I1  A  ok   d100= 22.89 N100=7.759e+19 pile=0.9999687156903767 dFP= 2.3e-01 3901s
  row    826   I1 AB  ok   d100= 14.94 N100=1.499e+24 pile=0.7768895018441901 dFP= 8.3e-03 2637s
  row    801   I1 AB  ok   d100= 22.89 N100=1.174e+20 pile=0.9999475109080596 dFP= 3.0e-01 4243s
  row    830   I1 AB  ok   d100= 14.49 N100=1.501e+24 pile=0.5657714972852965 dFP= 3.3e-03 2558s
  row    828   I1 AB  ok   d100= 13.83 N100=1.477e+24 pile=0.21466769241603448 dFP= 6.9e-04 3630s
  row    807   I1 AB  ok   d100= 22.89 N100=7.081e+19 pile=0.9999631364986661 dFP= 2.5e-01 4786s
  row    834   I1 AB  ok   d100= 14.94 N100=1.498e+24 pile=0.777049491191649 dFP= 8.3e-03 2108s
  row    837   I1 AB  ok   d100= 14.96 N100=1.520e+24 pile=0.7529094491286827 dFP= 7.3e-03 1812s
  row    832   I1 AB  ok   d100= 17.19 N100=2.461e+23 pile=0.9710185203824183 dFP= 1.4e-01 2669s
  row    803   I1 AB  ok   d100= 22.89 N100=7.025e+19 pile=0.9999705731663896 dFP= 2.2e-01 5241s
  row    805   I1 AB  ok   d100= 22.89 N100=7.759e+19 pile=0.9999687157538955 dFP= 2.3e-01 5105s
  row    839   I1 AB  ok   d100= 14.04 N100=1.566e+24 pile=0.3322322056428554 dFP= 1.3e-03 1882s
  row    811   I1 AB  ok   d100= 22.89 N100=7.891e+19 pile=0.9999688730908846 dFP= 2.3e-01 5129s
  row    813   I1 AB  ok   d100= 22.89 N100=8.033e+19 pile=0.9999698753439837 dFP= 2.4e-01 5129s
  row    815   I1 AB  ok   d100= 22.89 N100=7.712e+19 pile=0.9999662158626678 dFP= 2.3e-01 5094s
  row    818   I1 AB  ok   d100= 22.89 N100=7.758e+19 pile=0.9999704913702563 dFP= 2.3e-01 5109s
  row    809   I1 AB  ok   d100= 22.89 N100=9.299e+19 pile=0.9999673336301007 dFP= 2.4e-01 5254s
  row    864   I1 AB  ok   d100= 16.89 N100=1.815e+23 pile=0.9714687638343443 dFP= 1.5e-01 1139s
  row    865   I1 AB  ok   d100= 16.73 N100=2.302e+23 pile=0.9654501787747335 dFP= 1.1e-01 1144s
  row    857   I1 AB  ok   d100= 18.33 N100=6.441e+23 pile=0.9786965553997976 dFP= 5.1e-02 1326s
  row    861   I1  A  ok   d100= 15.97 N100=2.519e+23 pile=0.9051553940370379 dFP= 1.1e-02 1226s
  row    868   I1 AB  ok   d100= 15.97 N100=2.519e+23 pile=0.9051553828740315 dFP= 1.1e-02 1217s
  row    841   I1  B  ok   d100= 21.68 N100=6.874e+22 pile=0.9998492542376674 dFP= 6.3e-01 2129s
  row    844   I1 AB  ok   d100= 22.89 N100=5.184e+21 pile=0.9997375862499536 dFP= 4.7e-02 2144s
  row    847   I1 AB  ok   d100= 22.89 N100=6.655e+21 pile=0.9996887408637922 dFP= 7.7e-02 2036s
  row    843   I1 AB  ok   d100= 22.89 N100=3.299e+21 pile=0.9997367227041264 dFP= 2.0e-01 2203s
  row    856   I1 AB  ok   d100= 22.89 N100=6.729e+21 pile=0.9997324032637057 dFP= 9.7e-02 2023s
  row    852   I1 AB  ok   d100= 22.89 N100=6.669e+21 pile=0.9996890857617518 dFP= 7.7e-02 2049s
  row    851   I1 AB  ok   d100= 22.89 N100=7.807e+21 pile=0.9997240883991022 dFP= 1.0e-01 2129s
  row    860   I1 AB  ok   d100= 22.89 N100=6.717e+21 pile=0.9992141102085886 dFP= 4.5e-02 2049s
  row    848   I1 AB  ok   d100= 22.89 N100=1.384e+21 pile=0.9999016667319716 dFP= 7.8e-01 2330s
  row    869   I1 AB  ok   d100= 18.58 N100=8.591e+22 pile=0.9949361015279163 dFP= 5.7e-01 1236s
  row    872   I1 AB  ok   d100= 15.97 N100=2.519e+23 pile=0.9053879681041858 dFP= 1.1e-02 1211s
  row    874   I1 AB  ok   d100= 15.95 N100=2.529e+23 pile=0.9046705471490578 dFP= 1.1e-02 1217s
  row    877   I1 AB  ok   d100= 16.30 N100=2.412e+23 pile=0.93439055746109 dFP= 4.3e-02 1226s
  row    878   I1 AB  ok   d100= 22.34 N100=6.848e+20 pile=0.9990111535431532 dFP= 2.9e-01 1222s
  row    881   I1 AB  ok   d100= 17.65 N100=2.563e+23 pile=0.9849504570722006 dFP= 4.0e-02 1231s
  row    882   I1  A  ok   d100= 22.89 N100=4.225e+19 pile=0.9999335725353374 dFP= 9.5e-02 2734s
  row    885   I1 AB  ok   d100= 22.89 N100=4.682e+19 pile=0.9999242627508692 dFP= 1.0e-01 2945s
  row    903   I1  A  ok   d100= 16.96 N100=1.294e+24 pile=0.9963024821767869 dFP= 5.5e-01 2264s
  row    907   I1 AB  ok   d100= 13.24 N100=1.586e+24 pile=0.841994534736128 dFP= 6.5e-01 2389s
  row    906   I1 AB  ok   d100= 16.42 N100=1.496e+24 pile=0.9946556603019497 dFP= 5.7e-01 2501s
  row    889   I1 AB  ok   d100= 22.89 N100=4.225e+19 pile=0.9999335724978105 dFP= 9.5e-02 3113s
  row    891   I1 AB  ok   d100= 22.89 N100=3.905e+19 pile=0.9999374198561651 dFP= 7.7e-02 3296s
  row    895   I1 AB  ok   d100= 22.89 N100=4.786e+19 pile=0.9999508826041774 dFP= 7.2e-02 3214s
  row    894   I1 AB  ok   d100= 22.89 N100=3.831e+19 pile=0.9999285286478533 dFP= 1.0e-01 3412s
  row    898   I1 AB  ok   d100= 22.89 N100=5.260e+19 pile=0.9999570417453235 dFP= 1.2e-01 3360s
  row    902   I1 AB  ok   d100= 22.89 N100=4.225e+19 pile=0.9999333209786445 dFP= 9.5e-02 3194s
  row    912   I1 AB  ok   d100= 16.68 N100=7.758e+23 pile=0.9692466010215319 dFP= 3.5e-02 1330s
  row    886   I1 AB  ok   d100= 22.88 N100=5.512e+19 pile=0.9999999875655969 dFP= 1.1e-01 4121s
  row    899   I1 AB  ok   d100= 22.89 N100=4.194e+19 pile=0.9999279007480891 dFP= 9.5e-02 3661s
  row    915   I1 AB  ok   d100= 16.86 N100=1.318e+24 pile=0.9961824123800306 dFP= 5.5e-01 1389s
  row    918   I1 AB  ok   d100= 16.96 N100=1.294e+24 pile=0.9963024900988744 dFP= 5.5e-01 1207s
  row    922   I1 AB  ok   d100= 16.96 N100=1.300e+24 pile=0.9963193690537417 dFP= 5.5e-01 1201s
  row    916   I1 AB  ok   d100= 20.24 N100=3.553e+23 pile=0.9992777555936323 dFP= 1.4e-01 1728s
  row    920   I1 AB  ok   d100= 19.87 N100=4.211e+23 pile=0.9992305065135954 dFP= 1.7e-01 1548s
  row    924   I1  A  ok   d100= 22.55 N100=1.654e+20 pile=0.9999947839919375 dFP= 4.7e-01 2273s
  row    911   I1 AB  ok   d100= 22.68 N100=6.763e+20 pile=0.9999980712494134 dFP= 5.5e-01 4740s
  row    926   I1 AB  ok   d100= 22.52 N100=1.509e+20 pile=0.9999938078059183 dFP= 4.6e-01 2359s
  row    929   I1 AB  ok   d100= 22.55 N100=1.614e+20 pile=0.999994882201534 dFP= 4.7e-01 2466s
  row    931   I1 AB  ok   d100= 22.55 N100=1.654e+20 pile=0.9999947839916378 dFP= 4.7e-01 2565s
  row    935   I1 AB  ok   d100= 22.54 N100=1.640e+20 pile=0.9999946287974376 dFP= 4.7e-01 2832s
  row    937   I1 AB  ok   d100= 22.54 N100=1.686e+20 pile=0.9999946675679637 dFP= 4.7e-01 2793s
  row    948   I1 AB  ok   d100= 22.32 N100=5.071e+21 pile=0.9988203222861841 dFP= 2.1e-02 2362s
  row    945   I1  A  ok   d100= 22.22 N100=1.611e+22 pile=0.9930223168716565 dFP= 4.6e-02 2672s
  row    950   I1 AB  ok   d100= 22.04 N100=2.092e+22 pile=0.9913021408645496 dFP= 2.6e-02 2407s
  row    939   I1 AB  ok   d100= 22.55 N100=1.660e+20 pile=0.99999480379884 dFP= 4.8e-01 2955s
  row    943   I1 AB  ok   d100= 22.56 N100=1.712e+20 pile=0.9999950271717509 dFP= 4.7e-01 3034s
  row    933   I1 AB  ok   d100= 22.62 N100=1.758e+20 pile=0.9999957741102432 dFP= 5.0e-01 3660s
  row    941   I1 AB  ok   d100= 22.86 N100=6.906e+19 pile=0.9999914128186482 dFP= 4.6e-01 3414s
  row    952   I1 AB  ok   d100= 22.22 N100=1.611e+22 pile=0.993022309418824 dFP= 4.6e-02 6387s
  row    954   I1 AB  ok   d100= 20.82 N100=1.284e+22 pile=0.8086892946405104 dFP= 3.9e-02 6269s
  row    956   I1 AB  ok   d100= 22.34 N100=1.793e+22 pile=0.9954524879484966 dFP= 5.0e-02 6417s
  row    958   I1 AB  ok   d100= 22.16 N100=1.780e+22 pile=0.9923946863745698 dFP= 3.9e-02 6287s
  row    960   I1 AB  ok   d100= 22.22 N100=1.611e+22 pile=0.9930217499121329 dFP= 4.6e-02 6212s
  row    962   I1 AB  ok   d100= 16.91 N100=2.555e+23 pile=0.8687521379913778 dFP= 4.1e-02 5897s
  row    965   I1 AB  ok   d100= 14.90 N100=1.579e+22 pile=1.5244396181909145e-12 dFP= 4.2e-02 5992s
  row    969   I1 AB  ok   d100= 21.94 N100=4.747e+21 pile=0.999941395123907 dFP= 8.0e-01 5915s
  row    973   I1 AB  ok   d100= 21.95 N100=4.619e+21 pile=0.9999433453874474 dFP= 8.0e-01 5847s
  row    967   I1  B  ok   d100= 22.08 N100=5.407e+21 pile=0.9998455898308884 dFP= 8.1e-01 6216s
  row    971   I1 AB  ok   d100= 22.09 N100=1.914e+21 pile=0.9999585549963428 dFP= 8.2e-01 6121s
  row    977   I1 AB  ok   d100= 21.91 N100=4.499e+21 pile=0.9999372286959577 dFP= 8.0e-01 5816s
  row    975   I1 AB  ok   d100= 22.04 N100=4.852e+21 pile=0.9999538015463576 dFP= 8.0e-01 5942s
  row    979   I1 AB  ok   d100= 21.74 N100=6.701e+21 pile=0.9999224383411355 dFP= 7.9e-01 5629s
  row    981   I1 AB  ok   d100= 21.95 N100=4.620e+21 pile=0.9999433637033459 dFP= 8.0e-01 1645s
  row    984   I1 AB  ok   d100= 21.93 N100=4.546e+21 pile=0.9999417422463723 dFP= 8.0e-01 1628s
  row    986   I1 AB  ok   d100= 21.99 N100=4.701e+21 pile=0.9999473568787218 dFP= 8.1e-01 1510s
  row    988   I1  B  ok   d100= 21.78 N100=6.776e+21 pile=0.9413039227500511 dFP= 1.5e-03 1501s
  row    990   I1 AB  ok   d100= 22.72 N100=5.962e+22 pile=0.9984394708817258 dFP= 1.6e-01 1604s
  row    991   I1 AB  ok   d100= 22.82 N100=1.004e+22 pile=0.9985101628134806 dFP= 2.8e-02 1636s
  row    994   I1 AB  ok   d100= 22.86 N100=6.902e+21 pile=0.999186206806496 dFP= 2.9e-02 1567s
  row    995   I1 AB  ok   d100= 22.87 N100=4.611e+21 pile=0.9993479024914884 dFP= 9.8e-02 1559s
  row    998   I1 AB  ok   d100= 22.86 N100=7.019e+21 pile=0.9991958512836618 dFP= 3.1e-02 1571s
  row    999   I1 AB  ok   d100= 22.86 N100=6.900e+21 pile=0.999186125567482 dFP= 2.9e-02 1498s
  row   1004   I1 AB  ok   d100= 22.84 N100=6.943e+21 pile=0.9991930478313078 dFP= 2.9e-02 1472s
  row   1003   I1 AB  ok   d100= 22.86 N100=7.107e+21 pile=0.9993091204578897 dFP= 1.7e-02 1561s
  row   1007   I1 AB  ok   d100= 22.86 N100=6.902e+21 pile=0.9992498220656594 dFP= 2.8e-02 1489s

done in 24154s: 126 admissible, 0 inadmissible, 0 failed -> /Users/ghoni/Documents/GitHub/RadCluster/RadCluster_2_1/digital_twin/results/T3_rev6_machine0.jsonl
  manifest -> T3_rev6_machine0.manifest.json
